Command line invocation:
    /Applications/Xcode_16.4.app/Contents/Developer/usr/bin/xcodebuild -project NextSolution.xcodeproj -scheme NextSolution -configuration Release -sdk iphoneos -derivedDataPath build CODE_SIGNING_ALLOWED=NO CODE_SIGNING_REQUIRED=NO CODE_SIGN_IDENTITY= build

Build settings from command line:
    CODE_SIGN_IDENTITY = 
    CODE_SIGNING_ALLOWED = NO
    CODE_SIGNING_REQUIRED = NO
    SDKROOT = iphoneos18.5

--- xcodebuild: WARNING: Using the first of multiple matching destinations:
{ platform:iOS, id:dvtdevice-DVTiPhonePlaceholder-iphoneos:placeholder, name:Any iOS Device }
{ platform:macOS, arch:arm64, variant:Designed for [iPad,iPhone], id:b62e24a82a647a7656c4408ac8a6f921382d4159, name:My Mac }
{ platform:iOS Simulator, id:dvtdevice-DVTiOSDeviceSimulatorPlaceholder-iphonesimulator:placeholder, name:Any iOS Simulator Device }
note: Using codesigning identity override: 
ComputePackagePrebuildTargetDependencyGraph

Prepare packages

CreateBuildRequest

SendProjectDescription

CreateBuildOperation

ComputeTargetDependencyGraph
note: Building targets in dependency order
note: Target dependency graph (1 target)
    Target 'NextSolution' in project 'NextSolution' (no dependencies)

GatherProvisioningInputs

CreateBuildDescription

ExecuteExternalTool /Applications/Xcode_16.4.app/Contents/Developer/usr/bin/actool --print-asset-tag-combinations --output-format xml1 /Users/runner/work/NextSolution/NextSolution/NextWebsiteApp/NextSolution/Assets.xcassets

ExecuteExternalTool /Applications/Xcode_16.4.app/Contents/Developer/Toolchains/XcodeDefault.xctoolchain/usr/bin/clang -v -E -dM -isysroot /Applications/Xcode_16.4.app/Contents/Developer/Platforms/iPhoneOS.platform/Developer/SDKs/iPhoneOS18.5.sdk -x c -c /dev/null

ExecuteExternalTool /Applications/Xcode_16.4.app/Contents/Developer/usr/bin/actool --version --output-format xml1

ExecuteExternalTool /Applications/Xcode_16.4.app/Contents/Developer/Toolchains/XcodeDefault.xctoolchain/usr/bin/swiftc --version

ExecuteExternalTool /Applications/Xcode_16.4.app/Contents/Developer/Toolchains/XcodeDefault.xctoolchain/usr/bin/ld -version_details

Build description signature: 1974b342b3f2b95beee12854633c34f5
Build description path: /Users/runner/work/NextSolution/NextSolution/NextWebsiteApp/build/Build/Intermediates.noindex/XCBuildData/1974b342b3f2b95beee12854633c34f5.xcbuilddata
CreateBuildDirectory /Users/runner/work/NextSolution/NextSolution/NextWebsiteApp/build/Build/Products
    cd /Users/runner/work/NextSolution/NextSolution/NextWebsiteApp/NextSolution.xcodeproj
    builtin-create-build-directory /Users/runner/work/NextSolution/NextSolution/NextWebsiteApp/build/Build/Products

CreateBuildDirectory /Users/runner/work/NextSolution/NextSolution/NextWebsiteApp/build/Build/Intermediates.noindex
    cd /Users/runner/work/NextSolution/NextSolution/NextWebsiteApp/NextSolution.xcodeproj
    builtin-create-build-directory /Users/runner/work/NextSolution/NextSolution/NextWebsiteApp/build/Build/Intermediates.noindex

ClangStatCache /Applications/Xcode_16.4.app/Contents/Developer/Toolchains/XcodeDefault.xctoolchain/usr/bin/clang-stat-cache /Applications/Xcode_16.4.app/Contents/Developer/Platforms/iPhoneOS.platform/Developer/SDKs/iPhoneOS18.5.sdk /Users/runner/work/NextSolution/NextSolution/NextWebsiteApp/build/SDKStatCaches.noindex/iphoneos18.5-22F76-a529daf784b3616c7c04a36aeb7f5c05.sdkstatcache
    cd /Users/runner/work/NextSolution/NextSolution/NextWebsiteApp/NextSolution.xcodeproj
    /Applications/Xcode_16.4.app/Contents/Developer/Toolchains/XcodeDefault.xctoolchain/usr/bin/clang-stat-cache /Applications/Xcode_16.4.app/Contents/Developer/Platforms/iPhoneOS.platform/Developer/SDKs/iPhoneOS18.5.sdk -o /Users/runner/work/NextSolution/NextSolution/NextWebsiteApp/build/SDKStatCaches.noindex/iphoneos18.5-22F76-a529daf784b3616c7c04a36aeb7f5c05.sdkstatcache

CreateBuildDirectory /Users/runner/work/NextSolution/NextSolution/NextWebsiteApp/build/Build/Products/Release-iphoneos
    cd /Users/runner/work/NextSolution/NextSolution/NextWebsiteApp/NextSolution.xcodeproj
    builtin-create-build-directory /Users/runner/work/NextSolution/NextSolution/NextWebsiteApp/build/Build/Products/Release-iphoneos

WriteAuxiliaryFile /Users/runner/work/NextSolution/NextSolution/NextWebsiteApp/build/Build/Intermediates.noindex/NextSolution.build/Release-iphoneos/NextSolution-9f591b3928c185b05945e5a46a9f8d16-VFS-iphoneos/all-product-headers.yaml
    cd /Users/runner/work/NextSolution/NextSolution/NextWebsiteApp/NextSolution.xcodeproj
    write-file /Users/runner/work/NextSolution/NextSolution/NextWebsiteApp/build/Build/Intermediates.noindex/NextSolution.build/Release-iphoneos/NextSolution-9f591b3928c185b05945e5a46a9f8d16-VFS-iphoneos/all-product-headers.yaml

CreateBuildDirectory /Users/runner/work/NextSolution/NextSolution/NextWebsiteApp/build/Build/Intermediates.noindex/EagerLinkingTBDs/Release-iphoneos
    cd /Users/runner/work/NextSolution/NextSolution/NextWebsiteApp/NextSolution.xcodeproj
    builtin-create-build-directory /Users/runner/work/NextSolution/NextSolution/NextWebsiteApp/build/Build/Intermediates.noindex/EagerLinkingTBDs/Release-iphoneos

WriteAuxiliaryFile /Users/runner/work/NextSolution/NextSolution/NextWebsiteApp/build/Build/Intermediates.noindex/NextSolution.build/Release-iphoneos/NextSolution.build/Objects-normal/arm64/NextSolution_const_extract_protocols.json (in target 'NextSolution' from project 'NextSolution')
    cd /Users/runner/work/NextSolution/NextSolution/NextWebsiteApp
    write-file /Users/runner/work/NextSolution/NextSolution/NextWebsiteApp/build/Build/Intermediates.noindex/NextSolution.build/Release-iphoneos/NextSolution.build/Objects-normal/arm64/NextSolution_const_extract_protocols.json

WriteAuxiliaryFile /Users/runner/work/NextSolution/NextSolution/NextWebsiteApp/build/Build/Intermediates.noindex/NextSolution.build/Release-iphoneos/NextSolution.build/Objects-normal/arm64/NextSolution.SwiftFileList (in target 'NextSolution' from project 'NextSolution')
    cd /Users/runner/work/NextSolution/NextSolution/NextWebsiteApp
    write-file /Users/runner/work/NextSolution/NextSolution/NextWebsiteApp/build/Build/Intermediates.noindex/NextSolution.build/Release-iphoneos/NextSolution.build/Objects-normal/arm64/NextSolution.SwiftFileList

WriteAuxiliaryFile /Users/runner/work/NextSolution/NextSolution/NextWebsiteApp/build/Build/Intermediates.noindex/NextSolution.build/Release-iphoneos/NextSolution.build/Objects-normal/arm64/NextSolution.SwiftConstValuesFileList (in target 'NextSolution' from project 'NextSolution')
    cd /Users/runner/work/NextSolution/NextSolution/NextWebsiteApp
    write-file /Users/runner/work/NextSolution/NextSolution/NextWebsiteApp/build/Build/Intermediates.noindex/NextSolution.build/Release-iphoneos/NextSolution.build/Objects-normal/arm64/NextSolution.SwiftConstValuesFileList

WriteAuxiliaryFile /Users/runner/work/NextSolution/NextSolution/NextWebsiteApp/build/Build/Intermediates.noindex/NextSolution.build/Release-iphoneos/NextSolution.build/Objects-normal/arm64/NextSolution.LinkFileList (in target 'NextSolution' from project 'NextSolution')
    cd /Users/runner/work/NextSolution/NextSolution/NextWebsiteApp
    write-file /Users/runner/work/NextSolution/NextSolution/NextWebsiteApp/build/Build/Intermediates.noindex/NextSolution.build/Release-iphoneos/NextSolution.build/Objects-normal/arm64/NextSolution.LinkFileList

WriteAuxiliaryFile /Users/runner/work/NextSolution/NextSolution/NextWebsiteApp/build/Build/Intermediates.noindex/NextSolution.build/Release-iphoneos/NextSolution.build/Objects-normal/arm64/NextSolution-OutputFileMap.json (in target 'NextSolution' from project 'NextSolution')
    cd /Users/runner/work/NextSolution/NextSolution/NextWebsiteApp
    write-file /Users/runner/work/NextSolution/NextSolution/NextWebsiteApp/build/Build/Intermediates.noindex/NextSolution.build/Release-iphoneos/NextSolution.build/Objects-normal/arm64/NextSolution-OutputFileMap.json

WriteAuxiliaryFile /Users/runner/work/NextSolution/NextSolution/NextWebsiteApp/build/Build/Intermediates.noindex/NextSolution.build/Release-iphoneos/NextSolution.build/NextSolution.hmap (in target 'NextSolution' from project 'NextSolution')
    cd /Users/runner/work/NextSolution/NextSolution/NextWebsiteApp
    write-file /Users/runner/work/NextSolution/NextSolution/NextWebsiteApp/build/Build/Intermediates.noindex/NextSolution.build/Release-iphoneos/NextSolution.build/NextSolution.hmap

WriteAuxiliaryFile /Users/runner/work/NextSolution/NextSolution/NextWebsiteApp/build/Build/Intermediates.noindex/NextSolution.build/Release-iphoneos/NextSolution.build/NextSolution.DependencyStaticMetadataFileList (in target 'NextSolution' from project 'NextSolution')
    cd /Users/runner/work/NextSolution/NextSolution/NextWebsiteApp
    write-file /Users/runner/work/NextSolution/NextSolution/NextWebsiteApp/build/Build/Intermediates.noindex/NextSolution.build/Release-iphoneos/NextSolution.build/NextSolution.DependencyStaticMetadataFileList

WriteAuxiliaryFile /Users/runner/work/NextSolution/NextSolution/NextWebsiteApp/build/Build/Intermediates.noindex/NextSolution.build/Release-iphoneos/NextSolution.build/NextSolution.DependencyMetadataFileList (in target 'NextSolution' from project 'NextSolution')
    cd /Users/runner/work/NextSolution/NextSolution/NextWebsiteApp
    write-file /Users/runner/work/NextSolution/NextSolution/NextWebsiteApp/build/Build/Intermediates.noindex/NextSolution.build/Release-iphoneos/NextSolution.build/NextSolution.DependencyMetadataFileList

WriteAuxiliaryFile /Users/runner/work/NextSolution/NextSolution/NextWebsiteApp/build/Build/Intermediates.noindex/NextSolution.build/Release-iphoneos/NextSolution.build/NextSolution-project-headers.hmap (in target 'NextSolution' from project 'NextSolution')
    cd /Users/runner/work/NextSolution/NextSolution/NextWebsiteApp
    write-file /Users/runner/work/NextSolution/NextSolution/NextWebsiteApp/build/Build/Intermediates.noindex/NextSolution.build/Release-iphoneos/NextSolution.build/NextSolution-project-headers.hmap

WriteAuxiliaryFile /Users/runner/work/NextSolution/NextSolution/NextWebsiteApp/build/Build/Intermediates.noindex/NextSolution.build/Release-iphoneos/NextSolution.build/NextSolution-own-target-headers.hmap (in target 'NextSolution' from project 'NextSolution')
    cd /Users/runner/work/NextSolution/NextSolution/NextWebsiteApp
    write-file /Users/runner/work/NextSolution/NextSolution/NextWebsiteApp/build/Build/Intermediates.noindex/NextSolution.build/Release-iphoneos/NextSolution.build/NextSolution-own-target-headers.hmap

WriteAuxiliaryFile /Users/runner/work/NextSolution/NextSolution/NextWebsiteApp/build/Build/Intermediates.noindex/NextSolution.build/Release-iphoneos/NextSolution.build/NextSolution-generated-files.hmap (in target 'NextSolution' from project 'NextSolution')
    cd /Users/runner/work/NextSolution/NextSolution/NextWebsiteApp
    write-file /Users/runner/work/NextSolution/NextSolution/NextWebsiteApp/build/Build/Intermediates.noindex/NextSolution.build/Release-iphoneos/NextSolution.build/NextSolution-generated-files.hmap

WriteAuxiliaryFile /Users/runner/work/NextSolution/NextSolution/NextWebsiteApp/build/Build/Intermediates.noindex/NextSolution.build/Release-iphoneos/NextSolution.build/NextSolution-all-target-headers.hmap (in target 'NextSolution' from project 'NextSolution')
    cd /Users/runner/work/NextSolution/NextSolution/NextWebsiteApp
    write-file /Users/runner/work/NextSolution/NextSolution/NextWebsiteApp/build/Build/Intermediates.noindex/NextSolution.build/Release-iphoneos/NextSolution.build/NextSolution-all-target-headers.hmap

WriteAuxiliaryFile /Users/runner/work/NextSolution/NextSolution/NextWebsiteApp/build/Build/Intermediates.noindex/NextSolution.build/Release-iphoneos/NextSolution.build/NextSolution-all-non-framework-target-headers.hmap (in target 'NextSolution' from project 'NextSolution')
    cd /Users/runner/work/NextSolution/NextSolution/NextWebsiteApp
    write-file /Users/runner/work/NextSolution/NextSolution/NextWebsiteApp/build/Build/Intermediates.noindex/NextSolution.build/Release-iphoneos/NextSolution.build/NextSolution-all-non-framework-target-headers.hmap

MkDir /Users/runner/work/NextSolution/NextSolution/NextWebsiteApp/build/Build/Products/Release-iphoneos/NextSolution.app (in target 'NextSolution' from project 'NextSolution')
    cd /Users/runner/work/NextSolution/NextSolution/NextWebsiteApp
    /bin/mkdir -p /Users/runner/work/NextSolution/NextSolution/NextWebsiteApp/build/Build/Products/Release-iphoneos/NextSolution.app

MkDir /Users/runner/work/NextSolution/NextSolution/NextWebsiteApp/build/Build/Intermediates.noindex/NextSolution.build/Release-iphoneos/NextSolution.build/assetcatalog_output/unthinned (in target 'NextSolution' from project 'NextSolution')
    cd /Users/runner/work/NextSolution/NextSolution/NextWebsiteApp
    /bin/mkdir -p /Users/runner/work/NextSolution/NextSolution/NextWebsiteApp/build/Build/Intermediates.noindex/NextSolution.build/Release-iphoneos/NextSolution.build/assetcatalog_output/unthinned

MkDir /Users/runner/work/NextSolution/NextSolution/NextWebsiteApp/build/Build/Intermediates.noindex/NextSolution.build/Release-iphoneos/NextSolution.build/assetcatalog_output/thinned (in target 'NextSolution' from project 'NextSolution')
    cd /Users/runner/work/NextSolution/NextSolution/NextWebsiteApp
    /bin/mkdir -p /Users/runner/work/NextSolution/NextSolution/NextWebsiteApp/build/Build/Intermediates.noindex/NextSolution.build/Release-iphoneos/NextSolution.build/assetcatalog_output/thinned

GenerateAssetSymbols /Users/runner/work/NextSolution/NextSolution/NextWebsiteApp/NextSolution/Assets.xcassets (in target 'NextSolution' from project 'NextSolution')
    cd /Users/runner/work/NextSolution/NextSolution/NextWebsiteApp
    /Applications/Xcode_16.4.app/Contents/Developer/usr/bin/actool /Users/runner/work/NextSolution/NextSolution/NextWebsiteApp/NextSolution/Assets.xcassets --compile /Users/runner/work/NextSolution/NextSolution/NextWebsiteApp/build/Build/Products/Release-iphoneos/NextSolution.app --output-format human-readable-text --notices --warnings --export-dependency-info /Users/runner/work/NextSolution/NextSolution/NextWebsiteApp/build/Build/Intermediates.noindex/NextSolution.build/Release-iphoneos/NextSolution.build/assetcatalog_dependencies --output-partial-info-plist /Users/runner/work/NextSolution/NextSolution/NextWebsiteApp/build/Build/Intermediates.noindex/NextSolution.build/Release-iphoneos/NextSolution.build/assetcatalog_generated_info.plist --app-icon AppIcon --compress-pngs --enable-on-demand-resources YES --development-region en --target-device iphone --target-device ipad --minimum-deployment-target 15.0 --platform iphoneos --bundle-identifier com.nextsolution.website --generate-swift-asset-symbol-extensions NO --generate-swift-asset-symbols /Users/runner/work/NextSolution/NextSolution/NextWebsiteApp/build/Build/Intermediates.noindex/NextSolution.build/Release-iphoneos/NextSolution.build/DerivedSources/GeneratedAssetSymbols.swift --generate-objc-asset-symbols /Users/runner/work/NextSolution/NextSolution/NextWebsiteApp/build/Build/Intermediates.noindex/NextSolution.build/Release-iphoneos/NextSolution.build/DerivedSources/GeneratedAssetSymbols.h --generate-asset-symbol-index /Users/runner/work/NextSolution/NextSolution/NextWebsiteApp/build/Build/Intermediates.noindex/NextSolution.build/Release-iphoneos/NextSolution.build/DerivedSources/GeneratedAssetSymbols-Index.plist
/* com.apple.actool.compilation-results */
/Users/runner/work/NextSolution/NextSolution/NextWebsiteApp/build/Build/Intermediates.noindex/NextSolution.build/Release-iphoneos/NextSolution.build/DerivedSources/GeneratedAssetSymbols-Index.plist
/Users/runner/work/NextSolution/NextSolution/NextWebsiteApp/build/Build/Intermediates.noindex/NextSolution.build/Release-iphoneos/NextSolution.build/DerivedSources/GeneratedAssetSymbols.h
/Users/runner/work/NextSolution/NextSolution/NextWebsiteApp/build/Build/Intermediates.noindex/NextSolution.build/Release-iphoneos/NextSolution.build/DerivedSources/GeneratedAssetSymbols.swift


CompileAssetCatalogVariant thinned /Users/runner/work/NextSolution/NextSolution/NextWebsiteApp/build/Build/Products/Release-iphoneos/NextSolution.app /Users/runner/work/NextSolution/NextSolution/NextWebsiteApp/NextSolution/Assets.xcassets (in target 'NextSolution' from project 'NextSolution')
    cd /Users/runner/work/NextSolution/NextSolution/NextWebsiteApp
    /Applications/Xcode_16.4.app/Contents/Developer/usr/bin/actool /Users/runner/work/NextSolution/NextSolution/NextWebsiteApp/NextSolution/Assets.xcassets --compile /Users/runner/work/NextSolution/NextSolution/NextWebsiteApp/build/Build/Intermediates.noindex/NextSolution.build/Release-iphoneos/NextSolution.build/assetcatalog_output/thinned --output-format human-readable-text --notices --warnings --export-dependency-info /Users/runner/work/NextSolution/NextSolution/NextWebsiteApp/build/Build/Intermediates.noindex/NextSolution.build/Release-iphoneos/NextSolution.build/assetcatalog_dependencies_thinned --output-partial-info-plist /Users/runner/work/NextSolution/NextSolution/NextWebsiteApp/build/Build/Intermediates.noindex/NextSolution.build/Release-iphoneos/NextSolution.build/assetcatalog_generated_info.plist_thinned --app-icon AppIcon --compress-pngs --enable-on-demand-resources YES --development-region en --target-device iphone --target-device ipad --minimum-deployment-target 15.0 --platform iphoneos
/* com.apple.actool.compilation-results */
/Users/runner/work/NextSolution/NextSolution/NextWebsiteApp/build/Build/Intermediates.noindex/NextSolution.build/Release-iphoneos/NextSolution.build/assetcatalog_generated_info.plist_thinned
/Users/runner/work/NextSolution/NextSolution/NextWebsiteApp/build/Build/Intermediates.noindex/NextSolution.build/Release-iphoneos/NextSolution.build/assetcatalog_output/thinned/AppIcon60x60@2x.png
/Users/runner/work/NextSolution/NextSolution/NextWebsiteApp/build/Build/Intermediates.noindex/NextSolution.build/Release-iphoneos/NextSolution.build/assetcatalog_output/thinned/AppIcon76x76@2x~ipad.png
/Users/runner/work/NextSolution/NextSolution/NextWebsiteApp/build/Build/Intermediates.noindex/NextSolution.build/Release-iphoneos/NextSolution.build/assetcatalog_output/thinned/Assets.car


SwiftDriver NextSolution normal arm64 com.apple.xcode.tools.swift.compiler (in target 'NextSolution' from project 'NextSolution')
    cd /Users/runner/work/NextSolution/NextSolution/NextWebsiteApp
    builtin-SwiftDriver -- /Applications/Xcode_16.4.app/Contents/Developer/Toolchains/XcodeDefault.xctoolchain/usr/bin/swiftc -module-name NextSolution -O -whole-module-optimization -enforce-exclusivity\=checked @/Users/runner/work/NextSolution/NextSolution/NextWebsiteApp/build/Build/Intermediates.noindex/NextSolution.build/Release-iphoneos/NextSolution.build/Objects-normal/arm64/NextSolution.SwiftFileList -enable-bare-slash-regex -enable-experimental-feature DebugDescriptionMacro -sdk /Applications/Xcode_16.4.app/Contents/Developer/Platforms/iPhoneOS.platform/Developer/SDKs/iPhoneOS18.5.sdk -target arm64-apple-ios15.0 -g -module-cache-path /Users/runner/work/NextSolution/NextSolution/NextWebsiteApp/build/ModuleCache.noindex -Xfrontend -serialize-debugging-options -swift-version 5 -I /Users/runner/work/NextSolution/NextSolution/NextWebsiteApp/build/Build/Products/Release-iphoneos -F /Users/runner/work/NextSolution/NextSolution/NextWebsiteApp/build/Build/Products/Release-iphoneos -c -num-threads 3 -Xcc -ivfsstatcache -Xcc /Users/runner/work/NextSolution/NextSolution/NextWebsiteApp/build/SDKStatCaches.noindex/iphoneos18.5-22F76-a529daf784b3616c7c04a36aeb7f5c05.sdkstatcache -output-file-map /Users/runner/work/NextSolution/NextSolution/NextWebsiteApp/build/Build/Intermediates.noindex/NextSolution.build/Release-iphoneos/NextSolution.build/Objects-normal/arm64/NextSolution-OutputFileMap.json -use-frontend-parseable-output -save-temps -no-color-diagnostics -serialize-diagnostics -emit-dependencies -emit-module -emit-module-path /Users/runner/work/NextSolution/NextSolution/NextWebsiteApp/build/Build/Intermediates.noindex/NextSolution.build/Release-iphoneos/NextSolution.build/Objects-normal/arm64/NextSolution.swiftmodule -validate-clang-modules-once -clang-build-session-file /Users/runner/work/NextSolution/NextSolution/NextWebsiteApp/build/ModuleCache.noindex/Session.modulevalidation -Xcc -I/Users/runner/work/NextSolution/NextSolution/NextWebsiteApp/build/Build/Intermediates.noindex/NextSolution.build/Release-iphoneos/NextSolution.build/swift-overrides.hmap -emit-const-values -Xfrontend -const-gather-protocols-file -Xfrontend /Users/runner/work/NextSolution/NextSolution/NextWebsiteApp/build/Build/Intermediates.noindex/NextSolution.build/Release-iphoneos/NextSolution.build/Objects-normal/arm64/NextSolution_const_extract_protocols.json -Xcc -iquote -Xcc /Users/runner/work/NextSolution/NextSolution/NextWebsiteApp/build/Build/Intermediates.noindex/NextSolution.build/Release-iphoneos/NextSolution.build/NextSolution-generated-files.hmap -Xcc -I/Users/runner/work/NextSolution/NextSolution/NextWebsiteApp/build/Build/Intermediates.noindex/NextSolution.build/Release-iphoneos/NextSolution.build/NextSolution-own-target-headers.hmap -Xcc -I/Users/runner/work/NextSolution/NextSolution/NextWebsiteApp/build/Build/Intermediates.noindex/NextSolution.build/Release-iphoneos/NextSolution.build/NextSolution-all-target-headers.hmap -Xcc -iquote -Xcc /Users/runner/work/NextSolution/NextSolution/NextWebsiteApp/build/Build/Intermediates.noindex/NextSolution.build/Release-iphoneos/NextSolution.build/NextSolution-project-headers.hmap -Xcc -I/Users/runner/work/NextSolution/NextSolution/NextWebsiteApp/build/Build/Products/Release-iphoneos/include -Xcc -I/Users/runner/work/NextSolution/NextSolution/NextWebsiteApp/build/Build/Intermediates.noindex/NextSolution.build/Release-iphoneos/NextSolution.build/DerivedSources-normal/arm64 -Xcc -I/Users/runner/work/NextSolution/NextSolution/NextWebsiteApp/build/Build/Intermediates.noindex/NextSolution.build/Release-iphoneos/NextSolution.build/DerivedSources/arm64 -Xcc -I/Users/runner/work/NextSolution/NextSolution/NextWebsiteApp/build/Build/Intermediates.noindex/NextSolution.build/Release-iphoneos/NextSolution.build/DerivedSources -emit-objc-header -emit-objc-header-path /Users/runner/work/NextSolution/NextSolution/NextWebsiteApp/build/Build/Intermediates.noindex/NextSolution.build/Release-iphoneos/NextSolution.build/Objects-normal/arm64/NextSolution-Swift.h -working-directory /Users/runner/work/NextSolution/NextSolution/NextWebsiteApp -no-emit-module-separately-wmo

SwiftCompile normal arm64 Compiling\ AppData.swift,\ Components.swift,\ Models.swift,\ NextSolutionApp.swift,\ Services.swift,\ Views.swift,\ GeneratedAssetSymbols.swift /Users/runner/work/NextSolution/NextSolution/NextWebsiteApp/NextSolution/AppData.swift /Users/runner/work/NextSolution/NextSolution/NextWebsiteApp/NextSolution/Components.swift /Users/runner/work/NextSolution/NextSolution/NextWebsiteApp/NextSolution/Models.swift /Users/runner/work/NextSolution/NextSolution/NextWebsiteApp/NextSolution/NextSolutionApp.swift /Users/runner/work/NextSolution/NextSolution/NextWebsiteApp/NextSolution/Services.swift /Users/runner/work/NextSolution/NextSolution/NextWebsiteApp/NextSolution/Views.swift /Users/runner/work/NextSolution/NextSolution/NextWebsiteApp/build/Build/Intermediates.noindex/NextSolution.build/Release-iphoneos/NextSolution.build/DerivedSources/GeneratedAssetSymbols.swift (in target 'NextSolution' from project 'NextSolution')

CompileSwift normal arm64 (in target 'NextSolution' from project 'NextSolution')
    cd /Users/runner/work/NextSolution/NextSolution/NextWebsiteApp
    

SwiftDriver\ Compilation NextSolution normal arm64 com.apple.xcode.tools.swift.compiler (in target 'NextSolution' from project 'NextSolution')
    cd /Users/runner/work/NextSolution/NextSolution/NextWebsiteApp
    builtin-Swift-Compilation -- /Applications/Xcode_16.4.app/Contents/Developer/Toolchains/XcodeDefault.xctoolchain/usr/bin/swiftc -module-name NextSolution -O -whole-module-optimization -enforce-exclusivity\=checked @/Users/runner/work/NextSolution/NextSolution/NextWebsiteApp/build/Build/Intermediates.noindex/NextSolution.build/Release-iphoneos/NextSolution.build/Objects-normal/arm64/NextSolution.SwiftFileList -enable-bare-slash-regex -enable-experimental-feature DebugDescriptionMacro -sdk /Applications/Xcode_16.4.app/Contents/Developer/Platforms/iPhoneOS.platform/Developer/SDKs/iPhoneOS18.5.sdk -target arm64-apple-ios15.0 -g -module-cache-path /Users/runner/work/NextSolution/NextSolution/NextWebsiteApp/build/ModuleCache.noindex -Xfrontend -serialize-debugging-options -swift-version 5 -I /Users/runner/work/NextSolution/NextSolution/NextWebsiteApp/build/Build/Products/Release-iphoneos -F /Users/runner/work/NextSolution/NextSolution/NextWebsiteApp/build/Build/Products/Release-iphoneos -c -num-threads 3 -Xcc -ivfsstatcache -Xcc /Users/runner/work/NextSolution/NextSolution/NextWebsiteApp/build/SDKStatCaches.noindex/iphoneos18.5-22F76-a529daf784b3616c7c04a36aeb7f5c05.sdkstatcache -output-file-map /Users/runner/work/NextSolution/NextSolution/NextWebsiteApp/build/Build/Intermediates.noindex/NextSolution.build/Release-iphoneos/NextSolution.build/Objects-normal/arm64/NextSolution-OutputFileMap.json -use-frontend-parseable-output -save-temps -no-color-diagnostics -serialize-diagnostics -emit-dependencies -emit-module -emit-module-path /Users/runner/work/NextSolution/NextSolution/NextWebsiteApp/build/Build/Intermediates.noindex/NextSolution.build/Release-iphoneos/NextSolution.build/Objects-normal/arm64/NextSolution.swiftmodule -validate-clang-modules-once -clang-build-session-file /Users/runner/work/NextSolution/NextSolution/NextWebsiteApp/build/ModuleCache.noindex/Session.modulevalidation -Xcc -I/Users/runner/work/NextSolution/NextSolution/NextWebsiteApp/build/Build/Intermediates.noindex/NextSolution.build/Release-iphoneos/NextSolution.build/swift-overrides.hmap -emit-const-values -Xfrontend -const-gather-protocols-file -Xfrontend /Users/runner/work/NextSolution/NextSolution/NextWebsiteApp/build/Build/Intermediates.noindex/NextSolution.build/Release-iphoneos/NextSolution.build/Objects-normal/arm64/NextSolution_const_extract_protocols.json -Xcc -iquote -Xcc /Users/runner/work/NextSolution/NextSolution/NextWebsiteApp/build/Build/Intermediates.noindex/NextSolution.build/Release-iphoneos/NextSolution.build/NextSolution-generated-files.hmap -Xcc -I/Users/runner/work/NextSolution/NextSolution/NextWebsiteApp/build/Build/Intermediates.noindex/NextSolution.build/Release-iphoneos/NextSolution.build/NextSolution-own-target-headers.hmap -Xcc -I/Users/runner/work/NextSolution/NextSolution/NextWebsiteApp/build/Build/Intermediates.noindex/NextSolution.build/Release-iphoneos/NextSolution.build/NextSolution-all-target-headers.hmap -Xcc -iquote -Xcc /Users/runner/work/NextSolution/NextSolution/NextWebsiteApp/build/Build/Intermediates.noindex/NextSolution.build/Release-iphoneos/NextSolution.build/NextSolution-project-headers.hmap -Xcc -I/Users/runner/work/NextSolution/NextSolution/NextWebsiteApp/build/Build/Products/Release-iphoneos/include -Xcc -I/Users/runner/work/NextSolution/NextSolution/NextWebsiteApp/build/Build/Intermediates.noindex/NextSolution.build/Release-iphoneos/NextSolution.build/DerivedSources-normal/arm64 -Xcc -I/Users/runner/work/NextSolution/NextSolution/NextWebsiteApp/build/Build/Intermediates.noindex/NextSolution.build/Release-iphoneos/NextSolution.build/DerivedSources/arm64 -Xcc -I/Users/runner/work/NextSolution/NextSolution/NextWebsiteApp/build/Build/Intermediates.noindex/NextSolution.build/Release-iphoneos/NextSolution.build/DerivedSources -emit-objc-header -emit-objc-header-path /Users/runner/work/NextSolution/NextSolution/NextWebsiteApp/build/Build/Intermediates.noindex/NextSolution.build/Release-iphoneos/NextSolution.build/Objects-normal/arm64/NextSolution-Swift.h -working-directory /Users/runner/work/NextSolution/NextSolution/NextWebsiteApp -no-emit-module-separately-wmo

SwiftDriverJobDiscovery normal arm64 Compiling AppData.swift, Components.swift, Models.swift, NextSolutionApp.swift, Services.swift, Views.swift, GeneratedAssetSymbols.swift (in target 'NextSolution' from project 'NextSolution')

SwiftDriver\ Compilation\ Requirements NextSolution normal arm64 com.apple.xcode.tools.swift.compiler (in target 'NextSolution' from project 'NextSolution')
    cd /Users/runner/work/NextSolution/NextSolution/NextWebsiteApp
    builtin-Swift-Compilation-Requirements -- /Applications/Xcode_16.4.app/Contents/Developer/Toolchains/XcodeDefault.xctoolchain/usr/bin/swiftc -module-name NextSolution -O -whole-module-optimization -enforce-exclusivity\=checked @/Users/runner/work/NextSolution/NextSolution/NextWebsiteApp/build/Build/Intermediates.noindex/NextSolution.build/Release-iphoneos/NextSolution.build/Objects-normal/arm64/NextSolution.SwiftFileList -enable-bare-slash-regex -enable-experimental-feature DebugDescriptionMacro -sdk /Applications/Xcode_16.4.app/Contents/Developer/Platforms/iPhoneOS.platform/Developer/SDKs/iPhoneOS18.5.sdk -target arm64-apple-ios15.0 -g -module-cache-path /Users/runner/work/NextSolution/NextSolution/NextWebsiteApp/build/ModuleCache.noindex -Xfrontend -serialize-debugging-options -swift-version 5 -I /Users/runner/work/NextSolution/NextSolution/NextWebsiteApp/build/Build/Products/Release-iphoneos -F /Users/runner/work/NextSolution/NextSolution/NextWebsiteApp/build/Build/Products/Release-iphoneos -c -num-threads 3 -Xcc -ivfsstatcache -Xcc /Users/runner/work/NextSolution/NextSolution/NextWebsiteApp/build/SDKStatCaches.noindex/iphoneos18.5-22F76-a529daf784b3616c7c04a36aeb7f5c05.sdkstatcache -output-file-map /Users/runner/work/NextSolution/NextSolution/NextWebsiteApp/build/Build/Intermediates.noindex/NextSolution.build/Release-iphoneos/NextSolution.build/Objects-normal/arm64/NextSolution-OutputFileMap.json -use-frontend-parseable-output -save-temps -no-color-diagnostics -serialize-diagnostics -emit-dependencies -emit-module -emit-module-path /Users/runner/work/NextSolution/NextSolution/NextWebsiteApp/build/Build/Intermediates.noindex/NextSolution.build/Release-iphoneos/NextSolution.build/Objects-normal/arm64/NextSolution.swiftmodule -validate-clang-modules-once -clang-build-session-file /Users/runner/work/NextSolution/NextSolution/NextWebsiteApp/build/ModuleCache.noindex/Session.modulevalidation -Xcc -I/Users/runner/work/NextSolution/NextSolution/NextWebsiteApp/build/Build/Intermediates.noindex/NextSolution.build/Release-iphoneos/NextSolution.build/swift-overrides.hmap -emit-const-values -Xfrontend -const-gather-protocols-file -Xfrontend /Users/runner/work/NextSolution/NextSolution/NextWebsiteApp/build/Build/Intermediates.noindex/NextSolution.build/Release-iphoneos/NextSolution.build/Objects-normal/arm64/NextSolution_const_extract_protocols.json -Xcc -iquote -Xcc /Users/runner/work/NextSolution/NextSolution/NextWebsiteApp/build/Build/Intermediates.noindex/NextSolution.build/Release-iphoneos/NextSolution.build/NextSolution-generated-files.hmap -Xcc -I/Users/runner/work/NextSolution/NextSolution/NextWebsiteApp/build/Build/Intermediates.noindex/NextSolution.build/Release-iphoneos/NextSolution.build/NextSolution-own-target-headers.hmap -Xcc -I/Users/runner/work/NextSolution/NextSolution/NextWebsiteApp/build/Build/Intermediates.noindex/NextSolution.build/Release-iphoneos/NextSolution.build/NextSolution-all-target-headers.hmap -Xcc -iquote -Xcc /Users/runner/work/NextSolution/NextSolution/NextWebsiteApp/build/Build/Intermediates.noindex/NextSolution.build/Release-iphoneos/NextSolution.build/NextSolution-project-headers.hmap -Xcc -I/Users/runner/work/NextSolution/NextSolution/NextWebsiteApp/build/Build/Products/Release-iphoneos/include -Xcc -I/Users/runner/work/NextSolution/NextSolution/NextWebsiteApp/build/Build/Intermediates.noindex/NextSolution.build/Release-iphoneos/NextSolution.build/DerivedSources-normal/arm64 -Xcc -I/Users/runner/work/NextSolution/NextSolution/NextWebsiteApp/build/Build/Intermediates.noindex/NextSolution.build/Release-iphoneos/NextSolution.build/DerivedSources/arm64 -Xcc -I/Users/runner/work/NextSolution/NextSolution/NextWebsiteApp/build/Build/Intermediates.noindex/NextSolution.build/Release-iphoneos/NextSolution.build/DerivedSources -emit-objc-header -emit-objc-header-path /Users/runner/work/NextSolution/NextSolution/NextWebsiteApp/build/Build/Intermediates.noindex/NextSolution.build/Release-iphoneos/NextSolution.build/Objects-normal/arm64/NextSolution-Swift.h -working-directory /Users/runner/work/NextSolution/NextSolution/NextWebsiteApp -no-emit-module-separately-wmo

SwiftMergeGeneratedHeaders /Users/runner/work/NextSolution/NextSolution/NextWebsiteApp/build/Build/Intermediates.noindex/NextSolution.build/Release-iphoneos/NextSolution.build/DerivedSources/NextSolution-Swift.h /Users/runner/work/NextSolution/NextSolution/NextWebsiteApp/build/Build/Intermediates.noindex/NextSolution.build/Release-iphoneos/NextSolution.build/Objects-normal/arm64/NextSolution-Swift.h (in target 'NextSolution' from project 'NextSolution')
    cd /Users/runner/work/NextSolution/NextSolution/NextWebsiteApp
    builtin-swiftHeaderTool -arch arm64 /Users/runner/work/NextSolution/NextSolution/NextWebsiteApp/build/Build/Intermediates.noindex/NextSolution.build/Release-iphoneos/NextSolution.build/Objects-normal/arm64/NextSolution-Swift.h -o /Users/runner/work/NextSolution/NextSolution/NextWebsiteApp/build/Build/Intermediates.noindex/NextSolution.build/Release-iphoneos/NextSolution.build/DerivedSources/NextSolution-Swift.h

Copy /Users/runner/work/NextSolution/NextSolution/NextWebsiteApp/build/Build/Products/Release-iphoneos/NextSolution.swiftmodule/arm64-apple-ios.swiftmodule /Users/runner/work/NextSolution/NextSolution/NextWebsiteApp/build/Build/Intermediates.noindex/NextSolution.build/Release-iphoneos/NextSolution.build/Objects-normal/arm64/NextSolution.swiftmodule (in target 'NextSolution' from project 'NextSolution')
    cd /Users/runner/work/NextSolution/NextSolution/NextWebsiteApp
    builtin-copy -exclude .DS_Store -exclude CVS -exclude .svn -exclude .git -exclude .hg -resolve-src-symlinks -rename /Users/runner/work/NextSolution/NextSolution/NextWebsiteApp/build/Build/Intermediates.noindex/NextSolution.build/Release-iphoneos/NextSolution.build/Objects-normal/arm64/NextSolution.swiftmodule /Users/runner/work/NextSolution/NextSolution/NextWebsiteApp/build/Build/Products/Release-iphoneos/NextSolution.swiftmodule/arm64-apple-ios.swiftmodule

Copy /Users/runner/work/NextSolution/NextSolution/NextWebsiteApp/build/Build/Products/Release-iphoneos/NextSolution.swiftmodule/arm64-apple-ios.swiftdoc /Users/runner/work/NextSolution/NextSolution/NextWebsiteApp/build/Build/Intermediates.noindex/NextSolution.build/Release-iphoneos/NextSolution.build/Objects-normal/arm64/NextSolution.swiftdoc (in target 'NextSolution' from project 'NextSolution')
    cd /Users/runner/work/NextSolution/NextSolution/NextWebsiteApp
    builtin-copy -exclude .DS_Store -exclude CVS -exclude .svn -exclude .git -exclude .hg -resolve-src-symlinks -rename /Users/runner/work/NextSolution/NextSolution/NextWebsiteApp/build/Build/Intermediates.noindex/NextSolution.build/Release-iphoneos/NextSolution.build/Objects-normal/arm64/NextSolution.swiftdoc /Users/runner/work/NextSolution/NextSolution/NextWebsiteApp/build/Build/Products/Release-iphoneos/NextSolution.swiftmodule/arm64-apple-ios.swiftdoc

Copy /Users/runner/work/NextSolution/NextSolution/NextWebsiteApp/build/Build/Products/Release-iphoneos/NextSolution.swiftmodule/arm64-apple-ios.abi.json /Users/runner/work/NextSolution/NextSolution/NextWebsiteApp/build/Build/Intermediates.noindex/NextSolution.build/Release-iphoneos/NextSolution.build/Objects-normal/arm64/NextSolution.abi.json (in target 'NextSolution' from project 'NextSolution')
    cd /Users/runner/work/NextSolution/NextSolution/NextWebsiteApp
    builtin-copy -exclude .DS_Store -exclude CVS -exclude .svn -exclude .git -exclude .hg -resolve-src-symlinks -rename /Users/runner/work/NextSolution/NextSolution/NextWebsiteApp/build/Build/Intermediates.noindex/NextSolution.build/Release-iphoneos/NextSolution.build/Objects-normal/arm64/NextSolution.abi.json /Users/runner/work/NextSolution/NextSolution/NextWebsiteApp/build/Build/Products/Release-iphoneos/NextSolution.swiftmodule/arm64-apple-ios.abi.json

Copy /Users/runner/work/NextSolution/NextSolution/NextWebsiteApp/build/Build/Products/Release-iphoneos/NextSolution.swiftmodule/Project/arm64-apple-ios.swiftsourceinfo /Users/runner/work/NextSolution/NextSolution/NextWebsiteApp/build/Build/Intermediates.noindex/NextSolution.build/Release-iphoneos/NextSolution.build/Objects-normal/arm64/NextSolution.swiftsourceinfo (in target 'NextSolution' from project 'NextSolution')
    cd /Users/runner/work/NextSolution/NextSolution/NextWebsiteApp
    builtin-copy -exclude .DS_Store -exclude CVS -exclude .svn -exclude .git -exclude .hg -resolve-src-symlinks -rename /Users/runner/work/NextSolution/NextSolution/NextWebsiteApp/build/Build/Intermediates.noindex/NextSolution.build/Release-iphoneos/NextSolution.build/Objects-normal/arm64/NextSolution.swiftsourceinfo /Users/runner/work/NextSolution/NextSolution/NextWebsiteApp/build/Build/Products/Release-iphoneos/NextSolution.swiftmodule/Project/arm64-apple-ios.swiftsourceinfo

Ld /Users/runner/work/NextSolution/NextSolution/NextWebsiteApp/build/Build/Products/Release-iphoneos/NextSolution.app/NextSolution normal (in target 'NextSolution' from project 'NextSolution')
    cd /Users/runner/work/NextSolution/NextSolution/NextWebsiteApp
    /Applications/Xcode_16.4.app/Contents/Developer/Toolchains/XcodeDefault.xctoolchain/usr/bin/clang -Xlinker -reproducible -target arm64-apple-ios15.0 -isysroot /Applications/Xcode_16.4.app/Contents/Developer/Platforms/iPhoneOS.platform/Developer/SDKs/iPhoneOS18.5.sdk -Os -L/Users/runner/work/NextSolution/NextSolution/NextWebsiteApp/build/Build/Intermediates.noindex/EagerLinkingTBDs/Release-iphoneos -L/Users/runner/work/NextSolution/NextSolution/NextWebsiteApp/build/Build/Products/Release-iphoneos -F/Users/runner/work/NextSolution/NextSolution/NextWebsiteApp/build/Build/Intermediates.noindex/EagerLinkingTBDs/Release-iphoneos -F/Users/runner/work/NextSolution/NextSolution/NextWebsiteApp/build/Build/Products/Release-iphoneos -filelist /Users/runner/work/NextSolution/NextSolution/NextWebsiteApp/build/Build/Intermediates.noindex/NextSolution.build/Release-iphoneos/NextSolution.build/Objects-normal/arm64/NextSolution.LinkFileList -Xlinker -rpath -Xlinker @executable_path/Frameworks -dead_strip -Xlinker -object_path_lto -Xlinker /Users/runner/work/NextSolution/NextSolution/NextWebsiteApp/build/Build/Intermediates.noindex/NextSolution.build/Release-iphoneos/NextSolution.build/Objects-normal/arm64/NextSolution_lto.o -Xlinker -dependency_info -Xlinker /Users/runner/work/NextSolution/NextSolution/NextWebsiteApp/build/Build/Intermediates.noindex/NextSolution.build/Release-iphoneos/NextSolution.build/Objects-normal/arm64/NextSolution_dependency_info.dat -fobjc-link-runtime -L/Applications/Xcode_16.4.app/Contents/Developer/Toolchains/XcodeDefault.xctoolchain/usr/lib/swift/iphoneos -L/usr/lib/swift -Xlinker -add_ast_path -Xlinker /Users/runner/work/NextSolution/NextSolution/NextWebsiteApp/build/Build/Intermediates.noindex/NextSolution.build/Release-iphoneos/NextSolution.build/Objects-normal/arm64/NextSolution.swiftmodule -o /Users/runner/work/NextSolution/NextSolution/NextWebsiteApp/build/Build/Products/Release-iphoneos/NextSolution.app/NextSolution

LinkAssetCatalog /Users/runner/work/NextSolution/NextSolution/NextWebsiteApp/NextSolution/Assets.xcassets (in target 'NextSolution' from project 'NextSolution')
    cd /Users/runner/work/NextSolution/NextSolution/NextWebsiteApp
    builtin-linkAssetCatalog --thinned /Users/runner/work/NextSolution/NextSolution/NextWebsiteApp/build/Build/Intermediates.noindex/NextSolution.build/Release-iphoneos/NextSolution.build/assetcatalog_output/thinned --thinned-dependencies /Users/runner/work/NextSolution/NextSolution/NextWebsiteApp/build/Build/Intermediates.noindex/NextSolution.build/Release-iphoneos/NextSolution.build/assetcatalog_dependencies_thinned --thinned-info-plist-content /Users/runner/work/NextSolution/NextSolution/NextWebsiteApp/build/Build/Intermediates.noindex/NextSolution.build/Release-iphoneos/NextSolution.build/assetcatalog_generated_info.plist_thinned --unthinned /Users/runner/work/NextSolution/NextSolution/NextWebsiteApp/build/Build/Intermediates.noindex/NextSolution.build/Release-iphoneos/NextSolution.build/assetcatalog_output/unthinned --unthinned-dependencies /Users/runner/work/NextSolution/NextSolution/NextWebsiteApp/build/Build/Intermediates.noindex/NextSolution.build/Release-iphoneos/NextSolution.build/assetcatalog_dependencies_unthinned --unthinned-info-plist-content /Users/runner/work/NextSolution/NextSolution/NextWebsiteApp/build/Build/Intermediates.noindex/NextSolution.build/Release-iphoneos/NextSolution.build/assetcatalog_generated_info.plist_unthinned --output /Users/runner/work/NextSolution/NextSolution/NextWebsiteApp/build/Build/Products/Release-iphoneos/NextSolution.app --plist-output /Users/runner/work/NextSolution/NextSolution/NextWebsiteApp/build/Build/Intermediates.noindex/NextSolution.build/Release-iphoneos/NextSolution.build/assetcatalog_generated_info.plist
note: Emplaced /Users/runner/work/NextSolution/NextSolution/NextWebsiteApp/build/Build/Products/Release-iphoneos/NextSolution.app/Assets.car (in target 'NextSolution' from project 'NextSolution')
note: Emplaced /Users/runner/work/NextSolution/NextSolution/NextWebsiteApp/build/Build/Products/Release-iphoneos/NextSolution.app/AppIcon76x76@2x~ipad.png (in target 'NextSolution' from project 'NextSolution')
note: Emplaced /Users/runner/work/NextSolution/NextSolution/NextWebsiteApp/build/Build/Products/Release-iphoneos/NextSolution.app/AppIcon60x60@2x.png (in target 'NextSolution' from project 'NextSolution')

ProcessInfoPlistFile /Users/runner/work/NextSolution/NextSolution/NextWebsiteApp/build/Build/Products/Release-iphoneos/NextSolution.app/Info.plist /Users/runner/work/NextSolution/NextSolution/NextWebsiteApp/NextSolution/Info.plist (in target 'NextSolution' from project 'NextSolution')
    cd /Users/runner/work/NextSolution/NextSolution/NextWebsiteApp
    builtin-infoPlistUtility /Users/runner/work/NextSolution/NextSolution/NextWebsiteApp/NextSolution/Info.plist -producttype com.apple.product-type.application -genpkginfo /Users/runner/work/NextSolution/NextSolution/NextWebsiteApp/build/Build/Products/Release-iphoneos/NextSolution.app/PkgInfo -expandbuildsettings -format binary -platform iphoneos -additionalcontentfile /Users/runner/work/NextSolution/NextSolution/NextWebsiteApp/build/Build/Intermediates.noindex/NextSolution.build/Release-iphoneos/NextSolution.build/assetcatalog_generated_info.plist -requiredArchitecture arm64 -o /Users/runner/work/NextSolution/NextSolution/NextWebsiteApp/build/Build/Products/Release-iphoneos/NextSolution.app/Info.plist

ExtractAppIntentsMetadata (in target 'NextSolution' from project 'NextSolution')
    cd /Users/runner/work/NextSolution/NextSolution/NextWebsiteApp
    /Applications/Xcode_16.4.app/Contents/Developer/Toolchains/XcodeDefault.xctoolchain/usr/bin/appintentsmetadataprocessor --toolchain-dir /Applications/Xcode_16.4.app/Contents/Developer/Toolchains/XcodeDefault.xctoolchain --module-name NextSolution --sdk-root /Applications/Xcode_16.4.app/Contents/Developer/Platforms/iPhoneOS.platform/Developer/SDKs/iPhoneOS18.5.sdk --xcode-version 16F6 --platform-family iOS --deployment-target 15.0 --bundle-identifier com.nextsolution.website --output /Users/runner/work/NextSolution/NextSolution/NextWebsiteApp/build/Build/Products/Release-iphoneos/NextSolution.app --target-triple arm64-apple-ios15.0 --binary-file /Users/runner/work/NextSolution/NextSolution/NextWebsiteApp/build/Build/Products/Release-iphoneos/NextSolution.app/NextSolution --dependency-file /Users/runner/work/NextSolution/NextSolution/NextWebsiteApp/build/Build/Intermediates.noindex/NextSolution.build/Release-iphoneos/NextSolution.build/Objects-normal/arm64/NextSolution_dependency_info.dat --stringsdata-file /Users/runner/work/NextSolution/NextSolution/NextWebsiteApp/build/Build/Intermediates.noindex/NextSolution.build/Release-iphoneos/NextSolution.build/Objects-normal/arm64/ExtractedAppShortcutsMetadata.stringsdata --source-file-list /Users/runner/work/NextSolution/NextSolution/NextWebsiteApp/build/Build/Intermediates.noindex/NextSolution.build/Release-iphoneos/NextSolution.build/Objects-normal/arm64/NextSolution.SwiftFileList --metadata-file-list /Users/runner/work/NextSolution/NextSolution/NextWebsiteApp/build/Build/Intermediates.noindex/NextSolution.build/Release-iphoneos/NextSolution.build/NextSolution.DependencyMetadataFileList --static-metadata-file-list /Users/runner/work/NextSolution/NextSolution/NextWebsiteApp/build/Build/Intermediates.noindex/NextSolution.build/Release-iphoneos/NextSolution.build/NextSolution.DependencyStaticMetadataFileList --swift-const-vals-list /Users/runner/work/NextSolution/NextSolution/NextWebsiteApp/build/Build/Intermediates.noindex/NextSolution.build/Release-iphoneos/NextSolution.build/Objects-normal/arm64/NextSolution.SwiftConstValuesFileList --compile-time-extraction --deployment-aware-processing --validate-assistant-intents --no-app-shortcuts-localization
2026-08-17 11:29:43.590 appintentsmetadataprocessor[3284:13175] Starting appintentsmetadataprocessor export
2026-08-17 11:29:43.613 appintentsmetadataprocessor[3284:13175] warning: Metadata extraction skipped. No AppIntents.framework dependency found.

CopySwiftLibs /Users/runner/work/NextSolution/NextSolution/NextWebsiteApp/build/Build/Products/Release-iphoneos/NextSolution.app (in target 'NextSolution' from project 'NextSolution')
    cd /Users/runner/work/NextSolution/NextSolution/NextWebsiteApp
    builtin-swiftStdLibTool --copy --verbose --scan-executable /Users/runner/work/NextSolution/NextSolution/NextWebsiteApp/build/Build/Products/Release-iphoneos/NextSolution.app/NextSolution --scan-folder /Users/runner/work/NextSolution/NextSolution/NextWebsiteApp/build/Build/Products/Release-iphoneos/NextSolution.app/Frameworks --scan-folder /Users/runner/work/NextSolution/NextSolution/NextWebsiteApp/build/Build/Products/Release-iphoneos/NextSolution.app/PlugIns --scan-folder /Users/runner/work/NextSolution/NextSolution/NextWebsiteApp/build/Build/Products/Release-iphoneos/NextSolution.app/SystemExtensions --scan-folder /Users/runner/work/NextSolution/NextSolution/NextWebsiteApp/build/Build/Products/Release-iphoneos/NextSolution.app/Extensions --platform iphoneos --toolchain /Applications/Xcode_16.4.app/Contents/Developer/Toolchains/XcodeDefault.xctoolchain --destination /Users/runner/work/NextSolution/NextSolution/NextWebsiteApp/build/Build/Products/Release-iphoneos/NextSolution.app/Frameworks --strip-bitcode --strip-bitcode-tool /Applications/Xcode_16.4.app/Contents/Developer/Toolchains/XcodeDefault.xctoolchain/usr/bin/bitcode_strip --emit-dependency-info /Users/runner/work/NextSolution/NextSolution/NextWebsiteApp/build/Build/Intermediates.noindex/NextSolution.build/Release-iphoneos/NextSolution.build/SwiftStdLibToolInputDependencies.dep --filter-for-swift-os
Ignoring --strip-bitcode because --sign was not passed

GenerateDSYMFile /Users/runner/work/NextSolution/NextSolution/NextWebsiteApp/build/Build/Products/Release-iphoneos/NextSolution.app.dSYM /Users/runner/work/NextSolution/NextSolution/NextWebsiteApp/build/Build/Products/Release-iphoneos/NextSolution.app/NextSolution (in target 'NextSolution' from project 'NextSolution')
    cd /Users/runner/work/NextSolution/NextSolution/NextWebsiteApp
    /Applications/Xcode_16.4.app/Contents/Developer/Toolchains/XcodeDefault.xctoolchain/usr/bin/dsymutil /Users/runner/work/NextSolution/NextSolution/NextWebsiteApp/build/Build/Products/Release-iphoneos/NextSolution.app/NextSolution -o /Users/runner/work/NextSolution/NextSolution/NextWebsiteApp/build/Build/Products/Release-iphoneos/NextSolution.app.dSYM

AppIntentsSSUTraining (in target 'NextSolution' from project 'NextSolution')
    cd /Users/runner/work/NextSolution/NextSolution/NextWebsiteApp
    /Applications/Xcode_16.4.app/Contents/Developer/Toolchains/XcodeDefault.xctoolchain/usr/bin/appintentsnltrainingprocessor --infoplist-path /Users/runner/work/NextSolution/NextSolution/NextWebsiteApp/build/Build/Products/Release-iphoneos/NextSolution.app/Info.plist --temp-dir-path /Users/runner/work/NextSolution/NextSolution/NextWebsiteApp/build/Build/Intermediates.noindex/NextSolution.build/Release-iphoneos/NextSolution.build/ssu --bundle-id com.nextsolution.website --product-path /Users/runner/work/NextSolution/NextSolution/NextWebsiteApp/build/Build/Products/Release-iphoneos/NextSolution.app --extracted-metadata-path /Users/runner/work/NextSolution/NextSolution/NextWebsiteApp/build/Build/Products/Release-iphoneos/NextSolution.app/Metadata.appintents --metadata-file-list /Users/runner/work/NextSolution/NextSolution/NextWebsiteApp/build/Build/Intermediates.noindex/NextSolution.build/Release-iphoneos/NextSolution.build/NextSolution.DependencyMetadataFileList --archive-ssu-assets
2026-08-17 11:29:43.681 appintentsnltrainingprocessor[3294:13200] Parsing options for appintentsnltrainingprocessor
2026-08-17 11:29:43.681 appintentsnltrainingprocessor[3294:13200] No AppShortcuts found - Skipping.

RegisterExecutionPolicyException /Users/runner/work/NextSolution/NextSolution/NextWebsiteApp/build/Build/Products/Release-iphoneos/NextSolution.app (in target 'NextSolution' from project 'NextSolution')
    cd /Users/runner/work/NextSolution/NextSolution/NextWebsiteApp
    builtin-RegisterExecutionPolicyException /Users/runner/work/NextSolution/NextSolution/NextWebsiteApp/build/Build/Products/Release-iphoneos/NextSolution.app

Validate /Users/runner/work/NextSolution/NextSolution/NextWebsiteApp/build/Build/Products/Release-iphoneos/NextSolution.app (in target 'NextSolution' from project 'NextSolution')
    cd /Users/runner/work/NextSolution/NextSolution/NextWebsiteApp
    builtin-validationUtility /Users/runner/work/NextSolution/NextSolution/NextWebsiteApp/build/Build/Products/Release-iphoneos/NextSolution.app -infoplist-subpath Info.plist

Touch /Users/runner/work/NextSolution/NextSolution/NextWebsiteApp/build/Build/Products/Release-iphoneos/NextSolution.app (in target 'NextSolution' from project 'NextSolution')
    cd /Users/runner/work/NextSolution/NextSolution/NextWebsiteApp
    /usr/bin/touch -c /Users/runner/work/NextSolution/NextSolution/NextWebsiteApp/build/Build/Products/Release-iphoneos/NextSolution.app

note: Disabling previews because SWIFT_VERSION is set and SWIFT_OPTIMIZATION_LEVEL=-O, expected -Onone (in target 'NextSolution' from project 'NextSolution')
** BUILD SUCCEEDED **

