[0;36m==> [1;36mNotice:[m Build may be slow as Theos isn’t using all available CPU cores on this computer. Consider upgrading GNU Make: https://theos.dev/docs/parallel-building
[1;31m> [1;3;39mMaking all for tweak CCModuleBackgrounds…[m
[0;32m==> [1;39mCompiling Tweak.m (arm64)…[m
[0;33m==> [1;39mLinking tweak CCModuleBackgrounds (arm64)…[m
ld: warning: -multiply_defined is obsolete
[0;34m==> [1;39mGenerating debug symbols for CCModuleBackgrounds…[m
[0;34m==> [1;39mStripping CCModuleBackgrounds (arm64)…[m
[0;32m==> [1;39mCompiling Tweak.m (arm64e)…[m
[0;33m==> [1;39mLinking tweak CCModuleBackgrounds (arm64e)…[m
ld: warning: -multiply_defined is obsolete
[0;34m==> [1;39mGenerating debug symbols for CCModuleBackgrounds…[m
[0;34m==> [1;39mStripping CCModuleBackgrounds (arm64e)…[m
[0;34m==> [1;39mMerging tweak CCModuleBackgrounds…[m
[0;34m==> [1;39mSigning CCModuleBackgrounds…[m
[1;31m> [1;3;39mMaking all for tweak ModuleGlassStandalonePrefsExtension…[m
[0;32m==> [1;39mCompiling ModuleGlassPrefsExtension.m (arm64)…[m
[0;33m==> [1;39mLinking tweak ModuleGlassStandalonePrefsExtension (arm64)…[m
ld: warning: -multiply_defined is obsolete
[0;34m==> [1;39mGenerating debug symbols for ModuleGlassStandalonePrefsExtension…[m
[0;34m==> [1;39mStripping ModuleGlassStandalonePrefsExtension (arm64)…[m
[0;32m==> [1;39mCompiling ModuleGlassPrefsExtension.m (arm64e)…[m
[0;33m==> [1;39mLinking tweak ModuleGlassStandalonePrefsExtension (arm64e)…[m
ld: warning: -multiply_defined is obsolete
[0;34m==> [1;39mGenerating debug symbols for ModuleGlassStandalonePrefsExtension…[m
[0;34m==> [1;39mStripping ModuleGlassStandalonePrefsExtension (arm64e)…[m
[0;34m==> [1;39mMerging tweak ModuleGlassStandalonePrefsExtension…[m
[0;34m==> [1;39mSigning ModuleGlassStandalonePrefsExtension…[m
[1;31m> [1;3;39mMaking all for tweak ModuleGlassActivation…[m
[0;32m==> [1;39mCompiling ModuleGlassActivation.m (arm64)…[m
[0;33m==> [1;39mLinking tweak ModuleGlassActivation (arm64)…[m
ld: warning: -multiply_defined is obsolete
ld: library 'commonCrypto' not found
clang: [0;1;31merror: [0m[1mlinker command failed with exit code 1 (use -v to see invocation)[0m
make[3]: *** [/Users/runner/work/_temp/moduleglass-rootless/.theos/obj/arm64/ModuleGlassActivation.dylib] Error 1
make[2]: *** [/Users/runner/work/_temp/moduleglass-rootless/.theos/obj/arm64/ModuleGlassActivation.dylib] Error 2
make[1]: *** [internal-library-all_] Error 2
make: *** [ModuleGlassActivation.all.tweak.variables] Error 2
