Command line invocation:
    /Applications/Xcode_16.4.app/Contents/Developer/usr/bin/xcodebuild -project NextSolutionLicenseAdmin.xcodeproj -scheme NextSolutionLicenseAdmin -configuration Release -sdk iphoneos -derivedDataPath build CODE_SIGNING_ALLOWED=NO CODE_SIGNING_REQUIRED=NO CODE_SIGN_IDENTITY= build

Build settings from command line:
    CODE_SIGN_IDENTITY = 
    CODE_SIGNING_ALLOWED = NO
    CODE_SIGNING_REQUIRED = NO
    SDKROOT = iphoneos18.5

--- xcodebuild: WARNING: Using the first of multiple matching destinations:
{ platform:iOS, id:dvtdevice-DVTiPhonePlaceholder-iphoneos:placeholder, name:Any iOS Device }
{ platform:macOS, arch:arm64, variant:Designed for [iPad,iPhone], id:96c1f0e7eba2cb21da210296a467c4dfeb4f061a, name:My Mac }
{ platform:iOS Simulator, id:dvtdevice-DVTiOSDeviceSimulatorPlaceholder-iphonesimulator:placeholder, name:Any iOS Simulator Device }
note: Using codesigning identity override: 
ComputePackagePrebuildTargetDependencyGraph

Prepare packages

CreateBuildRequest

SendProjectDescription

CreateBuildOperation

ComputeTargetDependencyGraph
note: Building targets in dependency order
note: Target dependency graph (1 target)
    Target 'NextSolutionLicenseAdmin' in project 'NextSolutionLicenseAdmin' (no dependencies)

GatherProvisioningInputs

CreateBuildDescription

ExecuteExternalTool /Applications/Xcode_16.4.app/Contents/Developer/usr/bin/actool --print-asset-tag-combinations --output-format xml1 /Users/runner/work/NextJailbreak/NextJailbreak/NextSolutionLicenseAdmin/Resources/Assets.xcassets

ExecuteExternalTool /Applications/Xcode_16.4.app/Contents/Developer/Toolchains/XcodeDefault.xctoolchain/usr/bin/clang -v -E -dM -isysroot /Applications/Xcode_16.4.app/Contents/Developer/Platforms/iPhoneOS.platform/Developer/SDKs/iPhoneOS18.5.sdk -x c -c /dev/null

ExecuteExternalTool /Applications/Xcode_16.4.app/Contents/Developer/usr/bin/actool --version --output-format xml1

ExecuteExternalTool /Applications/Xcode_16.4.app/Contents/Developer/Toolchains/XcodeDefault.xctoolchain/usr/bin/swiftc --version

ExecuteExternalTool /Applications/Xcode_16.4.app/Contents/Developer/Toolchains/XcodeDefault.xctoolchain/usr/bin/ld -version_details

Build description signature: ba474f371fb2a5d0a55086a4efd12e7b
Build description path: /Users/runner/work/NextJailbreak/NextJailbreak/NextSolutionLicenseAdmin/build/Build/Intermediates.noindex/XCBuildData/ba474f371fb2a5d0a55086a4efd12e7b.xcbuilddata
CreateBuildDirectory /Users/runner/work/NextJailbreak/NextJailbreak/NextSolutionLicenseAdmin/build/Build/Products
    cd /Users/runner/work/NextJailbreak/NextJailbreak/NextSolutionLicenseAdmin/NextSolutionLicenseAdmin.xcodeproj
    builtin-create-build-directory /Users/runner/work/NextJailbreak/NextJailbreak/NextSolutionLicenseAdmin/build/Build/Products

CreateBuildDirectory /Users/runner/work/NextJailbreak/NextJailbreak/NextSolutionLicenseAdmin/build/Build/Intermediates.noindex
    cd /Users/runner/work/NextJailbreak/NextJailbreak/NextSolutionLicenseAdmin/NextSolutionLicenseAdmin.xcodeproj
    builtin-create-build-directory /Users/runner/work/NextJailbreak/NextJailbreak/NextSolutionLicenseAdmin/build/Build/Intermediates.noindex

ClangStatCache /Applications/Xcode_16.4.app/Contents/Developer/Toolchains/XcodeDefault.xctoolchain/usr/bin/clang-stat-cache /Applications/Xcode_16.4.app/Contents/Developer/Platforms/iPhoneOS.platform/Developer/SDKs/iPhoneOS18.5.sdk /Users/runner/work/NextJailbreak/NextJailbreak/NextSolutionLicenseAdmin/build/SDKStatCaches.noindex/iphoneos18.5-22F76-a529daf784b3616c7c04a36aeb7f5c05.sdkstatcache
    cd /Users/runner/work/NextJailbreak/NextJailbreak/NextSolutionLicenseAdmin/NextSolutionLicenseAdmin.xcodeproj
    /Applications/Xcode_16.4.app/Contents/Developer/Toolchains/XcodeDefault.xctoolchain/usr/bin/clang-stat-cache /Applications/Xcode_16.4.app/Contents/Developer/Platforms/iPhoneOS.platform/Developer/SDKs/iPhoneOS18.5.sdk -o /Users/runner/work/NextJailbreak/NextJailbreak/NextSolutionLicenseAdmin/build/SDKStatCaches.noindex/iphoneos18.5-22F76-a529daf784b3616c7c04a36aeb7f5c05.sdkstatcache

WriteAuxiliaryFile /Users/runner/work/NextJailbreak/NextJailbreak/NextSolutionLicenseAdmin/build/Build/Intermediates.noindex/NextSolutionLicenseAdmin.build/Release-iphoneos/NextSolutionLicenseAdmin-065c352b49a7fd2a415adc7cbc2740f8-VFS-iphoneos/all-product-headers.yaml
    cd /Users/runner/work/NextJailbreak/NextJailbreak/NextSolutionLicenseAdmin/NextSolutionLicenseAdmin.xcodeproj
    write-file /Users/runner/work/NextJailbreak/NextJailbreak/NextSolutionLicenseAdmin/build/Build/Intermediates.noindex/NextSolutionLicenseAdmin.build/Release-iphoneos/NextSolutionLicenseAdmin-065c352b49a7fd2a415adc7cbc2740f8-VFS-iphoneos/all-product-headers.yaml

CreateBuildDirectory /Users/runner/work/NextJailbreak/NextJailbreak/NextSolutionLicenseAdmin/build/Build/Products/Release-iphoneos
    cd /Users/runner/work/NextJailbreak/NextJailbreak/NextSolutionLicenseAdmin/NextSolutionLicenseAdmin.xcodeproj
    builtin-create-build-directory /Users/runner/work/NextJailbreak/NextJailbreak/NextSolutionLicenseAdmin/build/Build/Products/Release-iphoneos

CreateBuildDirectory /Users/runner/work/NextJailbreak/NextJailbreak/NextSolutionLicenseAdmin/build/Build/Intermediates.noindex/EagerLinkingTBDs/Release-iphoneos
    cd /Users/runner/work/NextJailbreak/NextJailbreak/NextSolutionLicenseAdmin/NextSolutionLicenseAdmin.xcodeproj
    builtin-create-build-directory /Users/runner/work/NextJailbreak/NextJailbreak/NextSolutionLicenseAdmin/build/Build/Intermediates.noindex/EagerLinkingTBDs/Release-iphoneos

WriteAuxiliaryFile /Users/runner/work/NextJailbreak/NextJailbreak/NextSolutionLicenseAdmin/build/Build/Intermediates.noindex/NextSolutionLicenseAdmin.build/Release-iphoneos/NextSolutionLicenseAdmin.build/Objects-normal/arm64/NextSolutionLicenseAdmin_const_extract_protocols.json (in target 'NextSolutionLicenseAdmin' from project 'NextSolutionLicenseAdmin')
    cd /Users/runner/work/NextJailbreak/NextJailbreak/NextSolutionLicenseAdmin
    write-file /Users/runner/work/NextJailbreak/NextJailbreak/NextSolutionLicenseAdmin/build/Build/Intermediates.noindex/NextSolutionLicenseAdmin.build/Release-iphoneos/NextSolutionLicenseAdmin.build/Objects-normal/arm64/NextSolutionLicenseAdmin_const_extract_protocols.json

WriteAuxiliaryFile /Users/runner/work/NextJailbreak/NextJailbreak/NextSolutionLicenseAdmin/build/Build/Intermediates.noindex/NextSolutionLicenseAdmin.build/Release-iphoneos/NextSolutionLicenseAdmin.build/Objects-normal/arm64/NextSolutionLicenseAdmin.SwiftFileList (in target 'NextSolutionLicenseAdmin' from project 'NextSolutionLicenseAdmin')
    cd /Users/runner/work/NextJailbreak/NextJailbreak/NextSolutionLicenseAdmin
    write-file /Users/runner/work/NextJailbreak/NextJailbreak/NextSolutionLicenseAdmin/build/Build/Intermediates.noindex/NextSolutionLicenseAdmin.build/Release-iphoneos/NextSolutionLicenseAdmin.build/Objects-normal/arm64/NextSolutionLicenseAdmin.SwiftFileList

WriteAuxiliaryFile /Users/runner/work/NextJailbreak/NextJailbreak/NextSolutionLicenseAdmin/build/Build/Intermediates.noindex/NextSolutionLicenseAdmin.build/Release-iphoneos/NextSolutionLicenseAdmin.build/Objects-normal/arm64/NextSolutionLicenseAdmin.SwiftConstValuesFileList (in target 'NextSolutionLicenseAdmin' from project 'NextSolutionLicenseAdmin')
    cd /Users/runner/work/NextJailbreak/NextJailbreak/NextSolutionLicenseAdmin
    write-file /Users/runner/work/NextJailbreak/NextJailbreak/NextSolutionLicenseAdmin/build/Build/Intermediates.noindex/NextSolutionLicenseAdmin.build/Release-iphoneos/NextSolutionLicenseAdmin.build/Objects-normal/arm64/NextSolutionLicenseAdmin.SwiftConstValuesFileList

WriteAuxiliaryFile /Users/runner/work/NextJailbreak/NextJailbreak/NextSolutionLicenseAdmin/build/Build/Intermediates.noindex/NextSolutionLicenseAdmin.build/Release-iphoneos/NextSolutionLicenseAdmin.build/Objects-normal/arm64/NextSolutionLicenseAdmin.LinkFileList (in target 'NextSolutionLicenseAdmin' from project 'NextSolutionLicenseAdmin')
    cd /Users/runner/work/NextJailbreak/NextJailbreak/NextSolutionLicenseAdmin
    write-file /Users/runner/work/NextJailbreak/NextJailbreak/NextSolutionLicenseAdmin/build/Build/Intermediates.noindex/NextSolutionLicenseAdmin.build/Release-iphoneos/NextSolutionLicenseAdmin.build/Objects-normal/arm64/NextSolutionLicenseAdmin.LinkFileList

WriteAuxiliaryFile /Users/runner/work/NextJailbreak/NextJailbreak/NextSolutionLicenseAdmin/build/Build/Intermediates.noindex/NextSolutionLicenseAdmin.build/Release-iphoneos/NextSolutionLicenseAdmin.build/Objects-normal/arm64/NextSolutionLicenseAdmin-OutputFileMap.json (in target 'NextSolutionLicenseAdmin' from project 'NextSolutionLicenseAdmin')
    cd /Users/runner/work/NextJailbreak/NextJailbreak/NextSolutionLicenseAdmin
    write-file /Users/runner/work/NextJailbreak/NextJailbreak/NextSolutionLicenseAdmin/build/Build/Intermediates.noindex/NextSolutionLicenseAdmin.build/Release-iphoneos/NextSolutionLicenseAdmin.build/Objects-normal/arm64/NextSolutionLicenseAdmin-OutputFileMap.json

WriteAuxiliaryFile /Users/runner/work/NextJailbreak/NextJailbreak/NextSolutionLicenseAdmin/build/Build/Intermediates.noindex/NextSolutionLicenseAdmin.build/Release-iphoneos/NextSolutionLicenseAdmin.build/NextSolutionLicenseAdmin.hmap (in target 'NextSolutionLicenseAdmin' from project 'NextSolutionLicenseAdmin')
    cd /Users/runner/work/NextJailbreak/NextJailbreak/NextSolutionLicenseAdmin
    write-file /Users/runner/work/NextJailbreak/NextJailbreak/NextSolutionLicenseAdmin/build/Build/Intermediates.noindex/NextSolutionLicenseAdmin.build/Release-iphoneos/NextSolutionLicenseAdmin.build/NextSolutionLicenseAdmin.hmap

WriteAuxiliaryFile /Users/runner/work/NextJailbreak/NextJailbreak/NextSolutionLicenseAdmin/build/Build/Intermediates.noindex/NextSolutionLicenseAdmin.build/Release-iphoneos/NextSolutionLicenseAdmin.build/NextSolutionLicenseAdmin.DependencyStaticMetadataFileList (in target 'NextSolutionLicenseAdmin' from project 'NextSolutionLicenseAdmin')
    cd /Users/runner/work/NextJailbreak/NextJailbreak/NextSolutionLicenseAdmin
    write-file /Users/runner/work/NextJailbreak/NextJailbreak/NextSolutionLicenseAdmin/build/Build/Intermediates.noindex/NextSolutionLicenseAdmin.build/Release-iphoneos/NextSolutionLicenseAdmin.build/NextSolutionLicenseAdmin.DependencyStaticMetadataFileList

WriteAuxiliaryFile /Users/runner/work/NextJailbreak/NextJailbreak/NextSolutionLicenseAdmin/build/Build/Intermediates.noindex/NextSolutionLicenseAdmin.build/Release-iphoneos/NextSolutionLicenseAdmin.build/NextSolutionLicenseAdmin.DependencyMetadataFileList (in target 'NextSolutionLicenseAdmin' from project 'NextSolutionLicenseAdmin')
    cd /Users/runner/work/NextJailbreak/NextJailbreak/NextSolutionLicenseAdmin
    write-file /Users/runner/work/NextJailbreak/NextJailbreak/NextSolutionLicenseAdmin/build/Build/Intermediates.noindex/NextSolutionLicenseAdmin.build/Release-iphoneos/NextSolutionLicenseAdmin.build/NextSolutionLicenseAdmin.DependencyMetadataFileList

WriteAuxiliaryFile /Users/runner/work/NextJailbreak/NextJailbreak/NextSolutionLicenseAdmin/build/Build/Intermediates.noindex/NextSolutionLicenseAdmin.build/Release-iphoneos/NextSolutionLicenseAdmin.build/NextSolutionLicenseAdmin-project-headers.hmap (in target 'NextSolutionLicenseAdmin' from project 'NextSolutionLicenseAdmin')
    cd /Users/runner/work/NextJailbreak/NextJailbreak/NextSolutionLicenseAdmin
    write-file /Users/runner/work/NextJailbreak/NextJailbreak/NextSolutionLicenseAdmin/build/Build/Intermediates.noindex/NextSolutionLicenseAdmin.build/Release-iphoneos/NextSolutionLicenseAdmin.build/NextSolutionLicenseAdmin-project-headers.hmap

WriteAuxiliaryFile /Users/runner/work/NextJailbreak/NextJailbreak/NextSolutionLicenseAdmin/build/Build/Intermediates.noindex/NextSolutionLicenseAdmin.build/Release-iphoneos/NextSolutionLicenseAdmin.build/NextSolutionLicenseAdmin-own-target-headers.hmap (in target 'NextSolutionLicenseAdmin' from project 'NextSolutionLicenseAdmin')
    cd /Users/runner/work/NextJailbreak/NextJailbreak/NextSolutionLicenseAdmin
    write-file /Users/runner/work/NextJailbreak/NextJailbreak/NextSolutionLicenseAdmin/build/Build/Intermediates.noindex/NextSolutionLicenseAdmin.build/Release-iphoneos/NextSolutionLicenseAdmin.build/NextSolutionLicenseAdmin-own-target-headers.hmap

WriteAuxiliaryFile /Users/runner/work/NextJailbreak/NextJailbreak/NextSolutionLicenseAdmin/build/Build/Intermediates.noindex/NextSolutionLicenseAdmin.build/Release-iphoneos/NextSolutionLicenseAdmin.build/NextSolutionLicenseAdmin-generated-files.hmap (in target 'NextSolutionLicenseAdmin' from project 'NextSolutionLicenseAdmin')
    cd /Users/runner/work/NextJailbreak/NextJailbreak/NextSolutionLicenseAdmin
    write-file /Users/runner/work/NextJailbreak/NextJailbreak/NextSolutionLicenseAdmin/build/Build/Intermediates.noindex/NextSolutionLicenseAdmin.build/Release-iphoneos/NextSolutionLicenseAdmin.build/NextSolutionLicenseAdmin-generated-files.hmap

WriteAuxiliaryFile /Users/runner/work/NextJailbreak/NextJailbreak/NextSolutionLicenseAdmin/build/Build/Intermediates.noindex/NextSolutionLicenseAdmin.build/Release-iphoneos/NextSolutionLicenseAdmin.build/NextSolutionLicenseAdmin-all-target-headers.hmap (in target 'NextSolutionLicenseAdmin' from project 'NextSolutionLicenseAdmin')
    cd /Users/runner/work/NextJailbreak/NextJailbreak/NextSolutionLicenseAdmin
    write-file /Users/runner/work/NextJailbreak/NextJailbreak/NextSolutionLicenseAdmin/build/Build/Intermediates.noindex/NextSolutionLicenseAdmin.build/Release-iphoneos/NextSolutionLicenseAdmin.build/NextSolutionLicenseAdmin-all-target-headers.hmap

WriteAuxiliaryFile /Users/runner/work/NextJailbreak/NextJailbreak/NextSolutionLicenseAdmin/build/Build/Intermediates.noindex/NextSolutionLicenseAdmin.build/Release-iphoneos/NextSolutionLicenseAdmin.build/NextSolutionLicenseAdmin-all-non-framework-target-headers.hmap (in target 'NextSolutionLicenseAdmin' from project 'NextSolutionLicenseAdmin')
    cd /Users/runner/work/NextJailbreak/NextJailbreak/NextSolutionLicenseAdmin
    write-file /Users/runner/work/NextJailbreak/NextJailbreak/NextSolutionLicenseAdmin/build/Build/Intermediates.noindex/NextSolutionLicenseAdmin.build/Release-iphoneos/NextSolutionLicenseAdmin.build/NextSolutionLicenseAdmin-all-non-framework-target-headers.hmap

MkDir /Users/runner/work/NextJailbreak/NextJailbreak/NextSolutionLicenseAdmin/build/Build/Products/Release-iphoneos/NextSolutionLicenseAdmin.app (in target 'NextSolutionLicenseAdmin' from project 'NextSolutionLicenseAdmin')
    cd /Users/runner/work/NextJailbreak/NextJailbreak/NextSolutionLicenseAdmin
    /bin/mkdir -p /Users/runner/work/NextJailbreak/NextJailbreak/NextSolutionLicenseAdmin/build/Build/Products/Release-iphoneos/NextSolutionLicenseAdmin.app

MkDir /Users/runner/work/NextJailbreak/NextJailbreak/NextSolutionLicenseAdmin/build/Build/Intermediates.noindex/NextSolutionLicenseAdmin.build/Release-iphoneos/NextSolutionLicenseAdmin.build/assetcatalog_output/unthinned (in target 'NextSolutionLicenseAdmin' from project 'NextSolutionLicenseAdmin')
    cd /Users/runner/work/NextJailbreak/NextJailbreak/NextSolutionLicenseAdmin
    /bin/mkdir -p /Users/runner/work/NextJailbreak/NextJailbreak/NextSolutionLicenseAdmin/build/Build/Intermediates.noindex/NextSolutionLicenseAdmin.build/Release-iphoneos/NextSolutionLicenseAdmin.build/assetcatalog_output/unthinned

MkDir /Users/runner/work/NextJailbreak/NextJailbreak/NextSolutionLicenseAdmin/build/Build/Intermediates.noindex/NextSolutionLicenseAdmin.build/Release-iphoneos/NextSolutionLicenseAdmin.build/assetcatalog_output/thinned (in target 'NextSolutionLicenseAdmin' from project 'NextSolutionLicenseAdmin')
    cd /Users/runner/work/NextJailbreak/NextJailbreak/NextSolutionLicenseAdmin
    /bin/mkdir -p /Users/runner/work/NextJailbreak/NextJailbreak/NextSolutionLicenseAdmin/build/Build/Intermediates.noindex/NextSolutionLicenseAdmin.build/Release-iphoneos/NextSolutionLicenseAdmin.build/assetcatalog_output/thinned

GenerateAssetSymbols /Users/runner/work/NextJailbreak/NextJailbreak/NextSolutionLicenseAdmin/Resources/Assets.xcassets (in target 'NextSolutionLicenseAdmin' from project 'NextSolutionLicenseAdmin')
    cd /Users/runner/work/NextJailbreak/NextJailbreak/NextSolutionLicenseAdmin
    /Applications/Xcode_16.4.app/Contents/Developer/usr/bin/actool /Users/runner/work/NextJailbreak/NextJailbreak/NextSolutionLicenseAdmin/Resources/Assets.xcassets --compile /Users/runner/work/NextJailbreak/NextJailbreak/NextSolutionLicenseAdmin/build/Build/Products/Release-iphoneos/NextSolutionLicenseAdmin.app --output-format human-readable-text --notices --warnings --export-dependency-info /Users/runner/work/NextJailbreak/NextJailbreak/NextSolutionLicenseAdmin/build/Build/Intermediates.noindex/NextSolutionLicenseAdmin.build/Release-iphoneos/NextSolutionLicenseAdmin.build/assetcatalog_dependencies --output-partial-info-plist /Users/runner/work/NextJailbreak/NextJailbreak/NextSolutionLicenseAdmin/build/Build/Intermediates.noindex/NextSolutionLicenseAdmin.build/Release-iphoneos/NextSolutionLicenseAdmin.build/assetcatalog_generated_info.plist --app-icon AppIcon --compress-pngs --enable-on-demand-resources YES --development-region en --target-device iphone --target-device ipad --minimum-deployment-target 16.0 --platform iphoneos --bundle-identifier com.nextsolution.licenseadmin --generate-swift-asset-symbol-extensions NO --generate-swift-asset-symbols /Users/runner/work/NextJailbreak/NextJailbreak/NextSolutionLicenseAdmin/build/Build/Intermediates.noindex/NextSolutionLicenseAdmin.build/Release-iphoneos/NextSolutionLicenseAdmin.build/DerivedSources/GeneratedAssetSymbols.swift --generate-objc-asset-symbols /Users/runner/work/NextJailbreak/NextJailbreak/NextSolutionLicenseAdmin/build/Build/Intermediates.noindex/NextSolutionLicenseAdmin.build/Release-iphoneos/NextSolutionLicenseAdmin.build/DerivedSources/GeneratedAssetSymbols.h --generate-asset-symbol-index /Users/runner/work/NextJailbreak/NextJailbreak/NextSolutionLicenseAdmin/build/Build/Intermediates.noindex/NextSolutionLicenseAdmin.build/Release-iphoneos/NextSolutionLicenseAdmin.build/DerivedSources/GeneratedAssetSymbols-Index.plist
/* com.apple.actool.compilation-results */
/Users/runner/work/NextJailbreak/NextJailbreak/NextSolutionLicenseAdmin/build/Build/Intermediates.noindex/NextSolutionLicenseAdmin.build/Release-iphoneos/NextSolutionLicenseAdmin.build/DerivedSources/GeneratedAssetSymbols-Index.plist
/Users/runner/work/NextJailbreak/NextJailbreak/NextSolutionLicenseAdmin/build/Build/Intermediates.noindex/NextSolutionLicenseAdmin.build/Release-iphoneos/NextSolutionLicenseAdmin.build/DerivedSources/GeneratedAssetSymbols.h
/Users/runner/work/NextJailbreak/NextJailbreak/NextSolutionLicenseAdmin/build/Build/Intermediates.noindex/NextSolutionLicenseAdmin.build/Release-iphoneos/NextSolutionLicenseAdmin.build/DerivedSources/GeneratedAssetSymbols.swift


CpResource /Users/runner/work/NextJailbreak/NextJailbreak/NextSolutionLicenseAdmin/build/Build/Products/Release-iphoneos/NextSolutionLicenseAdmin.app/README.txt /Users/runner/work/NextJailbreak/NextJailbreak/NextSolutionLicenseAdmin/Resources/README.txt (in target 'NextSolutionLicenseAdmin' from project 'NextSolutionLicenseAdmin')
    cd /Users/runner/work/NextJailbreak/NextJailbreak/NextSolutionLicenseAdmin
    builtin-copy -exclude .DS_Store -exclude CVS -exclude .svn -exclude .git -exclude .hg -resolve-src-symlinks /Users/runner/work/NextJailbreak/NextJailbreak/NextSolutionLicenseAdmin/Resources/README.txt /Users/runner/work/NextJailbreak/NextJailbreak/NextSolutionLicenseAdmin/build/Build/Products/Release-iphoneos/NextSolutionLicenseAdmin.app

CopyPNGFile /Users/runner/work/NextJailbreak/NextJailbreak/NextSolutionLicenseAdmin/build/Build/Products/Release-iphoneos/NextSolutionLicenseAdmin.app/AppIcon60x60@3x.png /Users/runner/work/NextJailbreak/NextJailbreak/NextSolutionLicenseAdmin/Resources/AppIcon60x60@3x.png (in target 'NextSolutionLicenseAdmin' from project 'NextSolutionLicenseAdmin')
    cd /Users/runner/work/NextJailbreak/NextJailbreak/NextSolutionLicenseAdmin
    /Applications/Xcode_16.4.app/Contents/Developer/usr/bin/copypng -compress -strip-PNG-text /Users/runner/work/NextJailbreak/NextJailbreak/NextSolutionLicenseAdmin/Resources/AppIcon60x60@3x.png /Users/runner/work/NextJailbreak/NextJailbreak/NextSolutionLicenseAdmin/build/Build/Products/Release-iphoneos/NextSolutionLicenseAdmin.app/AppIcon60x60@3x.png

CopyPNGFile /Users/runner/work/NextJailbreak/NextJailbreak/NextSolutionLicenseAdmin/build/Build/Products/Release-iphoneos/NextSolutionLicenseAdmin.app/AppIcon60x60@2x.png /Users/runner/work/NextJailbreak/NextJailbreak/NextSolutionLicenseAdmin/Resources/AppIcon60x60@2x.png (in target 'NextSolutionLicenseAdmin' from project 'NextSolutionLicenseAdmin')
    cd /Users/runner/work/NextJailbreak/NextJailbreak/NextSolutionLicenseAdmin
    /Applications/Xcode_16.4.app/Contents/Developer/usr/bin/copypng -compress -strip-PNG-text /Users/runner/work/NextJailbreak/NextJailbreak/NextSolutionLicenseAdmin/Resources/AppIcon60x60@2x.png /Users/runner/work/NextJailbreak/NextJailbreak/NextSolutionLicenseAdmin/build/Build/Products/Release-iphoneos/NextSolutionLicenseAdmin.app/AppIcon60x60@2x.png

CompileAssetCatalogVariant thinned /Users/runner/work/NextJailbreak/NextJailbreak/NextSolutionLicenseAdmin/build/Build/Products/Release-iphoneos/NextSolutionLicenseAdmin.app /Users/runner/work/NextJailbreak/NextJailbreak/NextSolutionLicenseAdmin/Resources/Assets.xcassets (in target 'NextSolutionLicenseAdmin' from project 'NextSolutionLicenseAdmin')
    cd /Users/runner/work/NextJailbreak/NextJailbreak/NextSolutionLicenseAdmin
    /Applications/Xcode_16.4.app/Contents/Developer/usr/bin/actool /Users/runner/work/NextJailbreak/NextJailbreak/NextSolutionLicenseAdmin/Resources/Assets.xcassets --compile /Users/runner/work/NextJailbreak/NextJailbreak/NextSolutionLicenseAdmin/build/Build/Intermediates.noindex/NextSolutionLicenseAdmin.build/Release-iphoneos/NextSolutionLicenseAdmin.build/assetcatalog_output/thinned --output-format human-readable-text --notices --warnings --export-dependency-info /Users/runner/work/NextJailbreak/NextJailbreak/NextSolutionLicenseAdmin/build/Build/Intermediates.noindex/NextSolutionLicenseAdmin.build/Release-iphoneos/NextSolutionLicenseAdmin.build/assetcatalog_dependencies_thinned --output-partial-info-plist /Users/runner/work/NextJailbreak/NextJailbreak/NextSolutionLicenseAdmin/build/Build/Intermediates.noindex/NextSolutionLicenseAdmin.build/Release-iphoneos/NextSolutionLicenseAdmin.build/assetcatalog_generated_info.plist_thinned --app-icon AppIcon --compress-pngs --enable-on-demand-resources YES --development-region en --target-device iphone --target-device ipad --minimum-deployment-target 16.0 --platform iphoneos
/* com.apple.actool.document.notices */
/Users/runner/work/NextJailbreak/NextJailbreak/NextSolutionLicenseAdmin/Resources/Assets.xcassets:./AppIcon.appiconset/[][ipad][76x76][][][1x][][][][]: notice: 76x76@1x app icons only apply to iPad apps targeting releases of iOS prior to 10.0.
/* com.apple.actool.compilation-results */
/Users/runner/work/NextJailbreak/NextJailbreak/NextSolutionLicenseAdmin/build/Build/Intermediates.noindex/NextSolutionLicenseAdmin.build/Release-iphoneos/NextSolutionLicenseAdmin.build/assetcatalog_generated_info.plist_thinned
/Users/runner/work/NextJailbreak/NextJailbreak/NextSolutionLicenseAdmin/build/Build/Intermediates.noindex/NextSolutionLicenseAdmin.build/Release-iphoneos/NextSolutionLicenseAdmin.build/assetcatalog_output/thinned/AppIcon60x60@2x.png
/Users/runner/work/NextJailbreak/NextJailbreak/NextSolutionLicenseAdmin/build/Build/Intermediates.noindex/NextSolutionLicenseAdmin.build/Release-iphoneos/NextSolutionLicenseAdmin.build/assetcatalog_output/thinned/AppIcon76x76@2x~ipad.png
/Users/runner/work/NextJailbreak/NextJailbreak/NextSolutionLicenseAdmin/build/Build/Intermediates.noindex/NextSolutionLicenseAdmin.build/Release-iphoneos/NextSolutionLicenseAdmin.build/assetcatalog_output/thinned/Assets.car


SwiftDriver NextSolutionLicenseAdmin normal arm64 com.apple.xcode.tools.swift.compiler (in target 'NextSolutionLicenseAdmin' from project 'NextSolutionLicenseAdmin')
    cd /Users/runner/work/NextJailbreak/NextJailbreak/NextSolutionLicenseAdmin
    builtin-SwiftDriver -- /Applications/Xcode_16.4.app/Contents/Developer/Toolchains/XcodeDefault.xctoolchain/usr/bin/swiftc -module-name NextSolutionLicenseAdmin -O -whole-module-optimization -enforce-exclusivity\=checked @/Users/runner/work/NextJailbreak/NextJailbreak/NextSolutionLicenseAdmin/build/Build/Intermediates.noindex/NextSolutionLicenseAdmin.build/Release-iphoneos/NextSolutionLicenseAdmin.build/Objects-normal/arm64/NextSolutionLicenseAdmin.SwiftFileList -enable-bare-slash-regex -enable-experimental-feature DebugDescriptionMacro -sdk /Applications/Xcode_16.4.app/Contents/Developer/Platforms/iPhoneOS.platform/Developer/SDKs/iPhoneOS18.5.sdk -target arm64-apple-ios16.0 -g -module-cache-path /Users/runner/work/NextJailbreak/NextJailbreak/NextSolutionLicenseAdmin/build/ModuleCache.noindex -Xfrontend -serialize-debugging-options -swift-version 5 -I /Users/runner/work/NextJailbreak/NextJailbreak/NextSolutionLicenseAdmin/build/Build/Products/Release-iphoneos -F /Users/runner/work/NextJailbreak/NextJailbreak/NextSolutionLicenseAdmin/build/Build/Products/Release-iphoneos -c -num-threads 3 -Xcc -ivfsstatcache -Xcc /Users/runner/work/NextJailbreak/NextJailbreak/NextSolutionLicenseAdmin/build/SDKStatCaches.noindex/iphoneos18.5-22F76-a529daf784b3616c7c04a36aeb7f5c05.sdkstatcache -output-file-map /Users/runner/work/NextJailbreak/NextJailbreak/NextSolutionLicenseAdmin/build/Build/Intermediates.noindex/NextSolutionLicenseAdmin.build/Release-iphoneos/NextSolutionLicenseAdmin.build/Objects-normal/arm64/NextSolutionLicenseAdmin-OutputFileMap.json -use-frontend-parseable-output -save-temps -no-color-diagnostics -serialize-diagnostics -emit-dependencies -emit-module -emit-module-path /Users/runner/work/NextJailbreak/NextJailbreak/NextSolutionLicenseAdmin/build/Build/Intermediates.noindex/NextSolutionLicenseAdmin.build/Release-iphoneos/NextSolutionLicenseAdmin.build/Objects-normal/arm64/NextSolutionLicenseAdmin.swiftmodule -validate-clang-modules-once -clang-build-session-file /Users/runner/work/NextJailbreak/NextJailbreak/NextSolutionLicenseAdmin/build/ModuleCache.noindex/Session.modulevalidation -Xcc -I/Users/runner/work/NextJailbreak/NextJailbreak/NextSolutionLicenseAdmin/build/Build/Intermediates.noindex/NextSolutionLicenseAdmin.build/Release-iphoneos/NextSolutionLicenseAdmin.build/swift-overrides.hmap -emit-const-values -Xfrontend -const-gather-protocols-file -Xfrontend /Users/runner/work/NextJailbreak/NextJailbreak/NextSolutionLicenseAdmin/build/Build/Intermediates.noindex/NextSolutionLicenseAdmin.build/Release-iphoneos/NextSolutionLicenseAdmin.build/Objects-normal/arm64/NextSolutionLicenseAdmin_const_extract_protocols.json -Xcc -iquote -Xcc /Users/runner/work/NextJailbreak/NextJailbreak/NextSolutionLicenseAdmin/build/Build/Intermediates.noindex/NextSolutionLicenseAdmin.build/Release-iphoneos/NextSolutionLicenseAdmin.build/NextSolutionLicenseAdmin-generated-files.hmap -Xcc -I/Users/runner/work/NextJailbreak/NextJailbreak/NextSolutionLicenseAdmin/build/Build/Intermediates.noindex/NextSolutionLicenseAdmin.build/Release-iphoneos/NextSolutionLicenseAdmin.build/NextSolutionLicenseAdmin-own-target-headers.hmap -Xcc -I/Users/runner/work/NextJailbreak/NextJailbreak/NextSolutionLicenseAdmin/build/Build/Intermediates.noindex/NextSolutionLicenseAdmin.build/Release-iphoneos/NextSolutionLicenseAdmin.build/NextSolutionLicenseAdmin-all-target-headers.hmap -Xcc -iquote -Xcc /Users/runner/work/NextJailbreak/NextJailbreak/NextSolutionLicenseAdmin/build/Build/Intermediates.noindex/NextSolutionLicenseAdmin.build/Release-iphoneos/NextSolutionLicenseAdmin.build/NextSolutionLicenseAdmin-project-headers.hmap -Xcc -I/Users/runner/work/NextJailbreak/NextJailbreak/NextSolutionLicenseAdmin/build/Build/Products/Release-iphoneos/include -Xcc -I/Users/runner/work/NextJailbreak/NextJailbreak/NextSolutionLicenseAdmin/build/Build/Intermediates.noindex/NextSolutionLicenseAdmin.build/Release-iphoneos/NextSolutionLicenseAdmin.build/DerivedSources-normal/arm64 -Xcc -I/Users/runner/work/NextJailbreak/NextJailbreak/NextSolutionLicenseAdmin/build/Build/Intermediates.noindex/NextSolutionLicenseAdmin.build/Release-iphoneos/NextSolutionLicenseAdmin.build/DerivedSources/arm64 -Xcc -I/Users/runner/work/NextJailbreak/NextJailbreak/NextSolutionLicenseAdmin/build/Build/Intermediates.noindex/NextSolutionLicenseAdmin.build/Release-iphoneos/NextSolutionLicenseAdmin.build/DerivedSources -emit-objc-header -emit-objc-header-path /Users/runner/work/NextJailbreak/NextJailbreak/NextSolutionLicenseAdmin/build/Build/Intermediates.noindex/NextSolutionLicenseAdmin.build/Release-iphoneos/NextSolutionLicenseAdmin.build/Objects-normal/arm64/NextSolutionLicenseAdmin-Swift.h -working-directory /Users/runner/work/NextJailbreak/NextJailbreak/NextSolutionLicenseAdmin -no-emit-module-separately-wmo

SwiftCompile normal arm64 Compiling\ NextSolutionLicenseAdminApp.swift,\ GeneratedAssetSymbols.swift /Users/runner/work/NextJailbreak/NextJailbreak/NextSolutionLicenseAdmin/Sources/NextSolutionLicenseAdminApp.swift /Users/runner/work/NextJailbreak/NextJailbreak/NextSolutionLicenseAdmin/build/Build/Intermediates.noindex/NextSolutionLicenseAdmin.build/Release-iphoneos/NextSolutionLicenseAdmin.build/DerivedSources/GeneratedAssetSymbols.swift (in target 'NextSolutionLicenseAdmin' from project 'NextSolutionLicenseAdmin')

CompileSwift normal arm64 (in target 'NextSolutionLicenseAdmin' from project 'NextSolutionLicenseAdmin')
    cd /Users/runner/work/NextJailbreak/NextJailbreak/NextSolutionLicenseAdmin
    

SwiftDriver\ Compilation NextSolutionLicenseAdmin normal arm64 com.apple.xcode.tools.swift.compiler (in target 'NextSolutionLicenseAdmin' from project 'NextSolutionLicenseAdmin')
    cd /Users/runner/work/NextJailbreak/NextJailbreak/NextSolutionLicenseAdmin
    builtin-Swift-Compilation -- /Applications/Xcode_16.4.app/Contents/Developer/Toolchains/XcodeDefault.xctoolchain/usr/bin/swiftc -module-name NextSolutionLicenseAdmin -O -whole-module-optimization -enforce-exclusivity\=checked @/Users/runner/work/NextJailbreak/NextJailbreak/NextSolutionLicenseAdmin/build/Build/Intermediates.noindex/NextSolutionLicenseAdmin.build/Release-iphoneos/NextSolutionLicenseAdmin.build/Objects-normal/arm64/NextSolutionLicenseAdmin.SwiftFileList -enable-bare-slash-regex -enable-experimental-feature DebugDescriptionMacro -sdk /Applications/Xcode_16.4.app/Contents/Developer/Platforms/iPhoneOS.platform/Developer/SDKs/iPhoneOS18.5.sdk -target arm64-apple-ios16.0 -g -module-cache-path /Users/runner/work/NextJailbreak/NextJailbreak/NextSolutionLicenseAdmin/build/ModuleCache.noindex -Xfrontend -serialize-debugging-options -swift-version 5 -I /Users/runner/work/NextJailbreak/NextJailbreak/NextSolutionLicenseAdmin/build/Build/Products/Release-iphoneos -F /Users/runner/work/NextJailbreak/NextJailbreak/NextSolutionLicenseAdmin/build/Build/Products/Release-iphoneos -c -num-threads 3 -Xcc -ivfsstatcache -Xcc /Users/runner/work/NextJailbreak/NextJailbreak/NextSolutionLicenseAdmin/build/SDKStatCaches.noindex/iphoneos18.5-22F76-a529daf784b3616c7c04a36aeb7f5c05.sdkstatcache -output-file-map /Users/runner/work/NextJailbreak/NextJailbreak/NextSolutionLicenseAdmin/build/Build/Intermediates.noindex/NextSolutionLicenseAdmin.build/Release-iphoneos/NextSolutionLicenseAdmin.build/Objects-normal/arm64/NextSolutionLicenseAdmin-OutputFileMap.json -use-frontend-parseable-output -save-temps -no-color-diagnostics -serialize-diagnostics -emit-dependencies -emit-module -emit-module-path /Users/runner/work/NextJailbreak/NextJailbreak/NextSolutionLicenseAdmin/build/Build/Intermediates.noindex/NextSolutionLicenseAdmin.build/Release-iphoneos/NextSolutionLicenseAdmin.build/Objects-normal/arm64/NextSolutionLicenseAdmin.swiftmodule -validate-clang-modules-once -clang-build-session-file /Users/runner/work/NextJailbreak/NextJailbreak/NextSolutionLicenseAdmin/build/ModuleCache.noindex/Session.modulevalidation -Xcc -I/Users/runner/work/NextJailbreak/NextJailbreak/NextSolutionLicenseAdmin/build/Build/Intermediates.noindex/NextSolutionLicenseAdmin.build/Release-iphoneos/NextSolutionLicenseAdmin.build/swift-overrides.hmap -emit-const-values -Xfrontend -const-gather-protocols-file -Xfrontend /Users/runner/work/NextJailbreak/NextJailbreak/NextSolutionLicenseAdmin/build/Build/Intermediates.noindex/NextSolutionLicenseAdmin.build/Release-iphoneos/NextSolutionLicenseAdmin.build/Objects-normal/arm64/NextSolutionLicenseAdmin_const_extract_protocols.json -Xcc -iquote -Xcc /Users/runner/work/NextJailbreak/NextJailbreak/NextSolutionLicenseAdmin/build/Build/Intermediates.noindex/NextSolutionLicenseAdmin.build/Release-iphoneos/NextSolutionLicenseAdmin.build/NextSolutionLicenseAdmin-generated-files.hmap -Xcc -I/Users/runner/work/NextJailbreak/NextJailbreak/NextSolutionLicenseAdmin/build/Build/Intermediates.noindex/NextSolutionLicenseAdmin.build/Release-iphoneos/NextSolutionLicenseAdmin.build/NextSolutionLicenseAdmin-own-target-headers.hmap -Xcc -I/Users/runner/work/NextJailbreak/NextJailbreak/NextSolutionLicenseAdmin/build/Build/Intermediates.noindex/NextSolutionLicenseAdmin.build/Release-iphoneos/NextSolutionLicenseAdmin.build/NextSolutionLicenseAdmin-all-target-headers.hmap -Xcc -iquote -Xcc /Users/runner/work/NextJailbreak/NextJailbreak/NextSolutionLicenseAdmin/build/Build/Intermediates.noindex/NextSolutionLicenseAdmin.build/Release-iphoneos/NextSolutionLicenseAdmin.build/NextSolutionLicenseAdmin-project-headers.hmap -Xcc -I/Users/runner/work/NextJailbreak/NextJailbreak/NextSolutionLicenseAdmin/build/Build/Products/Release-iphoneos/include -Xcc -I/Users/runner/work/NextJailbreak/NextJailbreak/NextSolutionLicenseAdmin/build/Build/Intermediates.noindex/NextSolutionLicenseAdmin.build/Release-iphoneos/NextSolutionLicenseAdmin.build/DerivedSources-normal/arm64 -Xcc -I/Users/runner/work/NextJailbreak/NextJailbreak/NextSolutionLicenseAdmin/build/Build/Intermediates.noindex/NextSolutionLicenseAdmin.build/Release-iphoneos/NextSolutionLicenseAdmin.build/DerivedSources/arm64 -Xcc -I/Users/runner/work/NextJailbreak/NextJailbreak/NextSolutionLicenseAdmin/build/Build/Intermediates.noindex/NextSolutionLicenseAdmin.build/Release-iphoneos/NextSolutionLicenseAdmin.build/DerivedSources -emit-objc-header -emit-objc-header-path /Users/runner/work/NextJailbreak/NextJailbreak/NextSolutionLicenseAdmin/build/Build/Intermediates.noindex/NextSolutionLicenseAdmin.build/Release-iphoneos/NextSolutionLicenseAdmin.build/Objects-normal/arm64/NextSolutionLicenseAdmin-Swift.h -working-directory /Users/runner/work/NextJailbreak/NextJailbreak/NextSolutionLicenseAdmin -no-emit-module-separately-wmo

SwiftDriverJobDiscovery normal arm64 Compiling NextSolutionLicenseAdminApp.swift, GeneratedAssetSymbols.swift (in target 'NextSolutionLicenseAdmin' from project 'NextSolutionLicenseAdmin')

SwiftDriver\ Compilation\ Requirements NextSolutionLicenseAdmin normal arm64 com.apple.xcode.tools.swift.compiler (in target 'NextSolutionLicenseAdmin' from project 'NextSolutionLicenseAdmin')
    cd /Users/runner/work/NextJailbreak/NextJailbreak/NextSolutionLicenseAdmin
    builtin-Swift-Compilation-Requirements -- /Applications/Xcode_16.4.app/Contents/Developer/Toolchains/XcodeDefault.xctoolchain/usr/bin/swiftc -module-name NextSolutionLicenseAdmin -O -whole-module-optimization -enforce-exclusivity\=checked @/Users/runner/work/NextJailbreak/NextJailbreak/NextSolutionLicenseAdmin/build/Build/Intermediates.noindex/NextSolutionLicenseAdmin.build/Release-iphoneos/NextSolutionLicenseAdmin.build/Objects-normal/arm64/NextSolutionLicenseAdmin.SwiftFileList -enable-bare-slash-regex -enable-experimental-feature DebugDescriptionMacro -sdk /Applications/Xcode_16.4.app/Contents/Developer/Platforms/iPhoneOS.platform/Developer/SDKs/iPhoneOS18.5.sdk -target arm64-apple-ios16.0 -g -module-cache-path /Users/runner/work/NextJailbreak/NextJailbreak/NextSolutionLicenseAdmin/build/ModuleCache.noindex -Xfrontend -serialize-debugging-options -swift-version 5 -I /Users/runner/work/NextJailbreak/NextJailbreak/NextSolutionLicenseAdmin/build/Build/Products/Release-iphoneos -F /Users/runner/work/NextJailbreak/NextJailbreak/NextSolutionLicenseAdmin/build/Build/Products/Release-iphoneos -c -num-threads 3 -Xcc -ivfsstatcache -Xcc /Users/runner/work/NextJailbreak/NextJailbreak/NextSolutionLicenseAdmin/build/SDKStatCaches.noindex/iphoneos18.5-22F76-a529daf784b3616c7c04a36aeb7f5c05.sdkstatcache -output-file-map /Users/runner/work/NextJailbreak/NextJailbreak/NextSolutionLicenseAdmin/build/Build/Intermediates.noindex/NextSolutionLicenseAdmin.build/Release-iphoneos/NextSolutionLicenseAdmin.build/Objects-normal/arm64/NextSolutionLicenseAdmin-OutputFileMap.json -use-frontend-parseable-output -save-temps -no-color-diagnostics -serialize-diagnostics -emit-dependencies -emit-module -emit-module-path /Users/runner/work/NextJailbreak/NextJailbreak/NextSolutionLicenseAdmin/build/Build/Intermediates.noindex/NextSolutionLicenseAdmin.build/Release-iphoneos/NextSolutionLicenseAdmin.build/Objects-normal/arm64/NextSolutionLicenseAdmin.swiftmodule -validate-clang-modules-once -clang-build-session-file /Users/runner/work/NextJailbreak/NextJailbreak/NextSolutionLicenseAdmin/build/ModuleCache.noindex/Session.modulevalidation -Xcc -I/Users/runner/work/NextJailbreak/NextJailbreak/NextSolutionLicenseAdmin/build/Build/Intermediates.noindex/NextSolutionLicenseAdmin.build/Release-iphoneos/NextSolutionLicenseAdmin.build/swift-overrides.hmap -emit-const-values -Xfrontend -const-gather-protocols-file -Xfrontend /Users/runner/work/NextJailbreak/NextJailbreak/NextSolutionLicenseAdmin/build/Build/Intermediates.noindex/NextSolutionLicenseAdmin.build/Release-iphoneos/NextSolutionLicenseAdmin.build/Objects-normal/arm64/NextSolutionLicenseAdmin_const_extract_protocols.json -Xcc -iquote -Xcc /Users/runner/work/NextJailbreak/NextJailbreak/NextSolutionLicenseAdmin/build/Build/Intermediates.noindex/NextSolutionLicenseAdmin.build/Release-iphoneos/NextSolutionLicenseAdmin.build/NextSolutionLicenseAdmin-generated-files.hmap -Xcc -I/Users/runner/work/NextJailbreak/NextJailbreak/NextSolutionLicenseAdmin/build/Build/Intermediates.noindex/NextSolutionLicenseAdmin.build/Release-iphoneos/NextSolutionLicenseAdmin.build/NextSolutionLicenseAdmin-own-target-headers.hmap -Xcc -I/Users/runner/work/NextJailbreak/NextJailbreak/NextSolutionLicenseAdmin/build/Build/Intermediates.noindex/NextSolutionLicenseAdmin.build/Release-iphoneos/NextSolutionLicenseAdmin.build/NextSolutionLicenseAdmin-all-target-headers.hmap -Xcc -iquote -Xcc /Users/runner/work/NextJailbreak/NextJailbreak/NextSolutionLicenseAdmin/build/Build/Intermediates.noindex/NextSolutionLicenseAdmin.build/Release-iphoneos/NextSolutionLicenseAdmin.build/NextSolutionLicenseAdmin-project-headers.hmap -Xcc -I/Users/runner/work/NextJailbreak/NextJailbreak/NextSolutionLicenseAdmin/build/Build/Products/Release-iphoneos/include -Xcc -I/Users/runner/work/NextJailbreak/NextJailbreak/NextSolutionLicenseAdmin/build/Build/Intermediates.noindex/NextSolutionLicenseAdmin.build/Release-iphoneos/NextSolutionLicenseAdmin.build/DerivedSources-normal/arm64 -Xcc -I/Users/runner/work/NextJailbreak/NextJailbreak/NextSolutionLicenseAdmin/build/Build/Intermediates.noindex/NextSolutionLicenseAdmin.build/Release-iphoneos/NextSolutionLicenseAdmin.build/DerivedSources/arm64 -Xcc -I/Users/runner/work/NextJailbreak/NextJailbreak/NextSolutionLicenseAdmin/build/Build/Intermediates.noindex/NextSolutionLicenseAdmin.build/Release-iphoneos/NextSolutionLicenseAdmin.build/DerivedSources -emit-objc-header -emit-objc-header-path /Users/runner/work/NextJailbreak/NextJailbreak/NextSolutionLicenseAdmin/build/Build/Intermediates.noindex/NextSolutionLicenseAdmin.build/Release-iphoneos/NextSolutionLicenseAdmin.build/Objects-normal/arm64/NextSolutionLicenseAdmin-Swift.h -working-directory /Users/runner/work/NextJailbreak/NextJailbreak/NextSolutionLicenseAdmin -no-emit-module-separately-wmo

SwiftMergeGeneratedHeaders /Users/runner/work/NextJailbreak/NextJailbreak/NextSolutionLicenseAdmin/build/Build/Intermediates.noindex/NextSolutionLicenseAdmin.build/Release-iphoneos/NextSolutionLicenseAdmin.build/DerivedSources/NextSolutionLicenseAdmin-Swift.h /Users/runner/work/NextJailbreak/NextJailbreak/NextSolutionLicenseAdmin/build/Build/Intermediates.noindex/NextSolutionLicenseAdmin.build/Release-iphoneos/NextSolutionLicenseAdmin.build/Objects-normal/arm64/NextSolutionLicenseAdmin-Swift.h (in target 'NextSolutionLicenseAdmin' from project 'NextSolutionLicenseAdmin')
    cd /Users/runner/work/NextJailbreak/NextJailbreak/NextSolutionLicenseAdmin
    builtin-swiftHeaderTool -arch arm64 /Users/runner/work/NextJailbreak/NextJailbreak/NextSolutionLicenseAdmin/build/Build/Intermediates.noindex/NextSolutionLicenseAdmin.build/Release-iphoneos/NextSolutionLicenseAdmin.build/Objects-normal/arm64/NextSolutionLicenseAdmin-Swift.h -o /Users/runner/work/NextJailbreak/NextJailbreak/NextSolutionLicenseAdmin/build/Build/Intermediates.noindex/NextSolutionLicenseAdmin.build/Release-iphoneos/NextSolutionLicenseAdmin.build/DerivedSources/NextSolutionLicenseAdmin-Swift.h

Copy /Users/runner/work/NextJailbreak/NextJailbreak/NextSolutionLicenseAdmin/build/Build/Products/Release-iphoneos/NextSolutionLicenseAdmin.swiftmodule/arm64-apple-ios.swiftmodule /Users/runner/work/NextJailbreak/NextJailbreak/NextSolutionLicenseAdmin/build/Build/Intermediates.noindex/NextSolutionLicenseAdmin.build/Release-iphoneos/NextSolutionLicenseAdmin.build/Objects-normal/arm64/NextSolutionLicenseAdmin.swiftmodule (in target 'NextSolutionLicenseAdmin' from project 'NextSolutionLicenseAdmin')
    cd /Users/runner/work/NextJailbreak/NextJailbreak/NextSolutionLicenseAdmin
    builtin-copy -exclude .DS_Store -exclude CVS -exclude .svn -exclude .git -exclude .hg -resolve-src-symlinks -rename /Users/runner/work/NextJailbreak/NextJailbreak/NextSolutionLicenseAdmin/build/Build/Intermediates.noindex/NextSolutionLicenseAdmin.build/Release-iphoneos/NextSolutionLicenseAdmin.build/Objects-normal/arm64/NextSolutionLicenseAdmin.swiftmodule /Users/runner/work/NextJailbreak/NextJailbreak/NextSolutionLicenseAdmin/build/Build/Products/Release-iphoneos/NextSolutionLicenseAdmin.swiftmodule/arm64-apple-ios.swiftmodule

Copy /Users/runner/work/NextJailbreak/NextJailbreak/NextSolutionLicenseAdmin/build/Build/Products/Release-iphoneos/NextSolutionLicenseAdmin.swiftmodule/arm64-apple-ios.swiftdoc /Users/runner/work/NextJailbreak/NextJailbreak/NextSolutionLicenseAdmin/build/Build/Intermediates.noindex/NextSolutionLicenseAdmin.build/Release-iphoneos/NextSolutionLicenseAdmin.build/Objects-normal/arm64/NextSolutionLicenseAdmin.swiftdoc (in target 'NextSolutionLicenseAdmin' from project 'NextSolutionLicenseAdmin')
    cd /Users/runner/work/NextJailbreak/NextJailbreak/NextSolutionLicenseAdmin
    builtin-copy -exclude .DS_Store -exclude CVS -exclude .svn -exclude .git -exclude .hg -resolve-src-symlinks -rename /Users/runner/work/NextJailbreak/NextJailbreak/NextSolutionLicenseAdmin/build/Build/Intermediates.noindex/NextSolutionLicenseAdmin.build/Release-iphoneos/NextSolutionLicenseAdmin.build/Objects-normal/arm64/NextSolutionLicenseAdmin.swiftdoc /Users/runner/work/NextJailbreak/NextJailbreak/NextSolutionLicenseAdmin/build/Build/Products/Release-iphoneos/NextSolutionLicenseAdmin.swiftmodule/arm64-apple-ios.swiftdoc

Copy /Users/runner/work/NextJailbreak/NextJailbreak/NextSolutionLicenseAdmin/build/Build/Products/Release-iphoneos/NextSolutionLicenseAdmin.swiftmodule/arm64-apple-ios.abi.json /Users/runner/work/NextJailbreak/NextJailbreak/NextSolutionLicenseAdmin/build/Build/Intermediates.noindex/NextSolutionLicenseAdmin.build/Release-iphoneos/NextSolutionLicenseAdmin.build/Objects-normal/arm64/NextSolutionLicenseAdmin.abi.json (in target 'NextSolutionLicenseAdmin' from project 'NextSolutionLicenseAdmin')
    cd /Users/runner/work/NextJailbreak/NextJailbreak/NextSolutionLicenseAdmin
    builtin-copy -exclude .DS_Store -exclude CVS -exclude .svn -exclude .git -exclude .hg -resolve-src-symlinks -rename /Users/runner/work/NextJailbreak/NextJailbreak/NextSolutionLicenseAdmin/build/Build/Intermediates.noindex/NextSolutionLicenseAdmin.build/Release-iphoneos/NextSolutionLicenseAdmin.build/Objects-normal/arm64/NextSolutionLicenseAdmin.abi.json /Users/runner/work/NextJailbreak/NextJailbreak/NextSolutionLicenseAdmin/build/Build/Products/Release-iphoneos/NextSolutionLicenseAdmin.swiftmodule/arm64-apple-ios.abi.json

Copy /Users/runner/work/NextJailbreak/NextJailbreak/NextSolutionLicenseAdmin/build/Build/Products/Release-iphoneos/NextSolutionLicenseAdmin.swiftmodule/Project/arm64-apple-ios.swiftsourceinfo /Users/runner/work/NextJailbreak/NextJailbreak/NextSolutionLicenseAdmin/build/Build/Intermediates.noindex/NextSolutionLicenseAdmin.build/Release-iphoneos/NextSolutionLicenseAdmin.build/Objects-normal/arm64/NextSolutionLicenseAdmin.swiftsourceinfo (in target 'NextSolutionLicenseAdmin' from project 'NextSolutionLicenseAdmin')
    cd /Users/runner/work/NextJailbreak/NextJailbreak/NextSolutionLicenseAdmin
    builtin-copy -exclude .DS_Store -exclude CVS -exclude .svn -exclude .git -exclude .hg -resolve-src-symlinks -rename /Users/runner/work/NextJailbreak/NextJailbreak/NextSolutionLicenseAdmin/build/Build/Intermediates.noindex/NextSolutionLicenseAdmin.build/Release-iphoneos/NextSolutionLicenseAdmin.build/Objects-normal/arm64/NextSolutionLicenseAdmin.swiftsourceinfo /Users/runner/work/NextJailbreak/NextJailbreak/NextSolutionLicenseAdmin/build/Build/Products/Release-iphoneos/NextSolutionLicenseAdmin.swiftmodule/Project/arm64-apple-ios.swiftsourceinfo

Ld /Users/runner/work/NextJailbreak/NextJailbreak/NextSolutionLicenseAdmin/build/Build/Products/Release-iphoneos/NextSolutionLicenseAdmin.app/NextSolutionLicenseAdmin normal (in target 'NextSolutionLicenseAdmin' from project 'NextSolutionLicenseAdmin')
    cd /Users/runner/work/NextJailbreak/NextJailbreak/NextSolutionLicenseAdmin
    /Applications/Xcode_16.4.app/Contents/Developer/Toolchains/XcodeDefault.xctoolchain/usr/bin/clang -Xlinker -reproducible -target arm64-apple-ios16.0 -isysroot /Applications/Xcode_16.4.app/Contents/Developer/Platforms/iPhoneOS.platform/Developer/SDKs/iPhoneOS18.5.sdk -Os -L/Users/runner/work/NextJailbreak/NextJailbreak/NextSolutionLicenseAdmin/build/Build/Intermediates.noindex/EagerLinkingTBDs/Release-iphoneos -L/Users/runner/work/NextJailbreak/NextJailbreak/NextSolutionLicenseAdmin/build/Build/Products/Release-iphoneos -F/Users/runner/work/NextJailbreak/NextJailbreak/NextSolutionLicenseAdmin/build/Build/Intermediates.noindex/EagerLinkingTBDs/Release-iphoneos -F/Users/runner/work/NextJailbreak/NextJailbreak/NextSolutionLicenseAdmin/build/Build/Products/Release-iphoneos -filelist /Users/runner/work/NextJailbreak/NextJailbreak/NextSolutionLicenseAdmin/build/Build/Intermediates.noindex/NextSolutionLicenseAdmin.build/Release-iphoneos/NextSolutionLicenseAdmin.build/Objects-normal/arm64/NextSolutionLicenseAdmin.LinkFileList -Xlinker -rpath -Xlinker @executable_path/Frameworks -dead_strip -Xlinker -object_path_lto -Xlinker /Users/runner/work/NextJailbreak/NextJailbreak/NextSolutionLicenseAdmin/build/Build/Intermediates.noindex/NextSolutionLicenseAdmin.build/Release-iphoneos/NextSolutionLicenseAdmin.build/Objects-normal/arm64/NextSolutionLicenseAdmin_lto.o -Xlinker -dependency_info -Xlinker /Users/runner/work/NextJailbreak/NextJailbreak/NextSolutionLicenseAdmin/build/Build/Intermediates.noindex/NextSolutionLicenseAdmin.build/Release-iphoneos/NextSolutionLicenseAdmin.build/Objects-normal/arm64/NextSolutionLicenseAdmin_dependency_info.dat -fobjc-link-runtime -L/Applications/Xcode_16.4.app/Contents/Developer/Toolchains/XcodeDefault.xctoolchain/usr/lib/swift/iphoneos -L/usr/lib/swift -Xlinker -add_ast_path -Xlinker /Users/runner/work/NextJailbreak/NextJailbreak/NextSolutionLicenseAdmin/build/Build/Intermediates.noindex/NextSolutionLicenseAdmin.build/Release-iphoneos/NextSolutionLicenseAdmin.build/Objects-normal/arm64/NextSolutionLicenseAdmin.swiftmodule -o /Users/runner/work/NextJailbreak/NextJailbreak/NextSolutionLicenseAdmin/build/Build/Products/Release-iphoneos/NextSolutionLicenseAdmin.app/NextSolutionLicenseAdmin

LinkAssetCatalog /Users/runner/work/NextJailbreak/NextJailbreak/NextSolutionLicenseAdmin/Resources/Assets.xcassets (in target 'NextSolutionLicenseAdmin' from project 'NextSolutionLicenseAdmin')
    cd /Users/runner/work/NextJailbreak/NextJailbreak/NextSolutionLicenseAdmin
    builtin-linkAssetCatalog --thinned /Users/runner/work/NextJailbreak/NextJailbreak/NextSolutionLicenseAdmin/build/Build/Intermediates.noindex/NextSolutionLicenseAdmin.build/Release-iphoneos/NextSolutionLicenseAdmin.build/assetcatalog_output/thinned --thinned-dependencies /Users/runner/work/NextJailbreak/NextJailbreak/NextSolutionLicenseAdmin/build/Build/Intermediates.noindex/NextSolutionLicenseAdmin.build/Release-iphoneos/NextSolutionLicenseAdmin.build/assetcatalog_dependencies_thinned --thinned-info-plist-content /Users/runner/work/NextJailbreak/NextJailbreak/NextSolutionLicenseAdmin/build/Build/Intermediates.noindex/NextSolutionLicenseAdmin.build/Release-iphoneos/NextSolutionLicenseAdmin.build/assetcatalog_generated_info.plist_thinned --unthinned /Users/runner/work/NextJailbreak/NextJailbreak/NextSolutionLicenseAdmin/build/Build/Intermediates.noindex/NextSolutionLicenseAdmin.build/Release-iphoneos/NextSolutionLicenseAdmin.build/assetcatalog_output/unthinned --unthinned-dependencies /Users/runner/work/NextJailbreak/NextJailbreak/NextSolutionLicenseAdmin/build/Build/Intermediates.noindex/NextSolutionLicenseAdmin.build/Release-iphoneos/NextSolutionLicenseAdmin.build/assetcatalog_dependencies_unthinned --unthinned-info-plist-content /Users/runner/work/NextJailbreak/NextJailbreak/NextSolutionLicenseAdmin/build/Build/Intermediates.noindex/NextSolutionLicenseAdmin.build/Release-iphoneos/NextSolutionLicenseAdmin.build/assetcatalog_generated_info.plist_unthinned --output /Users/runner/work/NextJailbreak/NextJailbreak/NextSolutionLicenseAdmin/build/Build/Products/Release-iphoneos/NextSolutionLicenseAdmin.app --plist-output /Users/runner/work/NextJailbreak/NextJailbreak/NextSolutionLicenseAdmin/build/Build/Intermediates.noindex/NextSolutionLicenseAdmin.build/Release-iphoneos/NextSolutionLicenseAdmin.build/assetcatalog_generated_info.plist
note: Emplaced /Users/runner/work/NextJailbreak/NextJailbreak/NextSolutionLicenseAdmin/build/Build/Products/Release-iphoneos/NextSolutionLicenseAdmin.app/AppIcon60x60@2x.png (in target 'NextSolutionLicenseAdmin' from project 'NextSolutionLicenseAdmin')
note: Emplaced /Users/runner/work/NextJailbreak/NextJailbreak/NextSolutionLicenseAdmin/build/Build/Products/Release-iphoneos/NextSolutionLicenseAdmin.app/Assets.car (in target 'NextSolutionLicenseAdmin' from project 'NextSolutionLicenseAdmin')
note: Emplaced /Users/runner/work/NextJailbreak/NextJailbreak/NextSolutionLicenseAdmin/build/Build/Products/Release-iphoneos/NextSolutionLicenseAdmin.app/AppIcon76x76@2x~ipad.png (in target 'NextSolutionLicenseAdmin' from project 'NextSolutionLicenseAdmin')

ProcessInfoPlistFile /Users/runner/work/NextJailbreak/NextJailbreak/NextSolutionLicenseAdmin/build/Build/Products/Release-iphoneos/NextSolutionLicenseAdmin.app/Info.plist /Users/runner/work/NextJailbreak/NextJailbreak/NextSolutionLicenseAdmin/Info.plist (in target 'NextSolutionLicenseAdmin' from project 'NextSolutionLicenseAdmin')
    cd /Users/runner/work/NextJailbreak/NextJailbreak/NextSolutionLicenseAdmin
    builtin-infoPlistUtility /Users/runner/work/NextJailbreak/NextJailbreak/NextSolutionLicenseAdmin/Info.plist -producttype com.apple.product-type.application -genpkginfo /Users/runner/work/NextJailbreak/NextJailbreak/NextSolutionLicenseAdmin/build/Build/Products/Release-iphoneos/NextSolutionLicenseAdmin.app/PkgInfo -expandbuildsettings -format binary -platform iphoneos -additionalcontentfile /Users/runner/work/NextJailbreak/NextJailbreak/NextSolutionLicenseAdmin/build/Build/Intermediates.noindex/NextSolutionLicenseAdmin.build/Release-iphoneos/NextSolutionLicenseAdmin.build/assetcatalog_generated_info.plist -requiredArchitecture arm64 -o /Users/runner/work/NextJailbreak/NextJailbreak/NextSolutionLicenseAdmin/build/Build/Products/Release-iphoneos/NextSolutionLicenseAdmin.app/Info.plist

ExtractAppIntentsMetadata (in target 'NextSolutionLicenseAdmin' from project 'NextSolutionLicenseAdmin')
    cd /Users/runner/work/NextJailbreak/NextJailbreak/NextSolutionLicenseAdmin
    /Applications/Xcode_16.4.app/Contents/Developer/Toolchains/XcodeDefault.xctoolchain/usr/bin/appintentsmetadataprocessor --toolchain-dir /Applications/Xcode_16.4.app/Contents/Developer/Toolchains/XcodeDefault.xctoolchain --module-name NextSolutionLicenseAdmin --sdk-root /Applications/Xcode_16.4.app/Contents/Developer/Platforms/iPhoneOS.platform/Developer/SDKs/iPhoneOS18.5.sdk --xcode-version 16F6 --platform-family iOS --deployment-target 16.0 --bundle-identifier com.nextsolution.licenseadmin --output /Users/runner/work/NextJailbreak/NextJailbreak/NextSolutionLicenseAdmin/build/Build/Products/Release-iphoneos/NextSolutionLicenseAdmin.app --target-triple arm64-apple-ios16.0 --binary-file /Users/runner/work/NextJailbreak/NextJailbreak/NextSolutionLicenseAdmin/build/Build/Products/Release-iphoneos/NextSolutionLicenseAdmin.app/NextSolutionLicenseAdmin --dependency-file /Users/runner/work/NextJailbreak/NextJailbreak/NextSolutionLicenseAdmin/build/Build/Intermediates.noindex/NextSolutionLicenseAdmin.build/Release-iphoneos/NextSolutionLicenseAdmin.build/Objects-normal/arm64/NextSolutionLicenseAdmin_dependency_info.dat --stringsdata-file /Users/runner/work/NextJailbreak/NextJailbreak/NextSolutionLicenseAdmin/build/Build/Intermediates.noindex/NextSolutionLicenseAdmin.build/Release-iphoneos/NextSolutionLicenseAdmin.build/Objects-normal/arm64/ExtractedAppShortcutsMetadata.stringsdata --source-file-list /Users/runner/work/NextJailbreak/NextJailbreak/NextSolutionLicenseAdmin/build/Build/Intermediates.noindex/NextSolutionLicenseAdmin.build/Release-iphoneos/NextSolutionLicenseAdmin.build/Objects-normal/arm64/NextSolutionLicenseAdmin.SwiftFileList --metadata-file-list /Users/runner/work/NextJailbreak/NextJailbreak/NextSolutionLicenseAdmin/build/Build/Intermediates.noindex/NextSolutionLicenseAdmin.build/Release-iphoneos/NextSolutionLicenseAdmin.build/NextSolutionLicenseAdmin.DependencyMetadataFileList --static-metadata-file-list /Users/runner/work/NextJailbreak/NextJailbreak/NextSolutionLicenseAdmin/build/Build/Intermediates.noindex/NextSolutionLicenseAdmin.build/Release-iphoneos/NextSolutionLicenseAdmin.build/NextSolutionLicenseAdmin.DependencyStaticMetadataFileList --swift-const-vals-list /Users/runner/work/NextJailbreak/NextJailbreak/NextSolutionLicenseAdmin/build/Build/Intermediates.noindex/NextSolutionLicenseAdmin.build/Release-iphoneos/NextSolutionLicenseAdmin.build/Objects-normal/arm64/NextSolutionLicenseAdmin.SwiftConstValuesFileList --compile-time-extraction --deployment-aware-processing --validate-assistant-intents --no-app-shortcuts-localization
2026-08-29 12:42:34.397 appintentsmetadataprocessor[2450:10027] Starting appintentsmetadataprocessor export
2026-08-29 12:42:34.402 appintentsmetadataprocessor[2450:10027] warning: Metadata extraction skipped. No AppIntents.framework dependency found.

CopySwiftLibs /Users/runner/work/NextJailbreak/NextJailbreak/NextSolutionLicenseAdmin/build/Build/Products/Release-iphoneos/NextSolutionLicenseAdmin.app (in target 'NextSolutionLicenseAdmin' from project 'NextSolutionLicenseAdmin')
    cd /Users/runner/work/NextJailbreak/NextJailbreak/NextSolutionLicenseAdmin
    builtin-swiftStdLibTool --copy --verbose --scan-executable /Users/runner/work/NextJailbreak/NextJailbreak/NextSolutionLicenseAdmin/build/Build/Products/Release-iphoneos/NextSolutionLicenseAdmin.app/NextSolutionLicenseAdmin --scan-folder /Users/runner/work/NextJailbreak/NextJailbreak/NextSolutionLicenseAdmin/build/Build/Products/Release-iphoneos/NextSolutionLicenseAdmin.app/Frameworks --scan-folder /Users/runner/work/NextJailbreak/NextJailbreak/NextSolutionLicenseAdmin/build/Build/Products/Release-iphoneos/NextSolutionLicenseAdmin.app/PlugIns --scan-folder /Users/runner/work/NextJailbreak/NextJailbreak/NextSolutionLicenseAdmin/build/Build/Products/Release-iphoneos/NextSolutionLicenseAdmin.app/SystemExtensions --scan-folder /Users/runner/work/NextJailbreak/NextJailbreak/NextSolutionLicenseAdmin/build/Build/Products/Release-iphoneos/NextSolutionLicenseAdmin.app/Extensions --platform iphoneos --toolchain /Applications/Xcode_16.4.app/Contents/Developer/Toolchains/XcodeDefault.xctoolchain --destination /Users/runner/work/NextJailbreak/NextJailbreak/NextSolutionLicenseAdmin/build/Build/Products/Release-iphoneos/NextSolutionLicenseAdmin.app/Frameworks --strip-bitcode --strip-bitcode-tool /Applications/Xcode_16.4.app/Contents/Developer/Toolchains/XcodeDefault.xctoolchain/usr/bin/bitcode_strip --emit-dependency-info /Users/runner/work/NextJailbreak/NextJailbreak/NextSolutionLicenseAdmin/build/Build/Intermediates.noindex/NextSolutionLicenseAdmin.build/Release-iphoneos/NextSolutionLicenseAdmin.build/SwiftStdLibToolInputDependencies.dep --filter-for-swift-os
Ignoring --strip-bitcode because --sign was not passed

GenerateDSYMFile /Users/runner/work/NextJailbreak/NextJailbreak/NextSolutionLicenseAdmin/build/Build/Products/Release-iphoneos/NextSolutionLicenseAdmin.app.dSYM /Users/runner/work/NextJailbreak/NextJailbreak/NextSolutionLicenseAdmin/build/Build/Products/Release-iphoneos/NextSolutionLicenseAdmin.app/NextSolutionLicenseAdmin (in target 'NextSolutionLicenseAdmin' from project 'NextSolutionLicenseAdmin')
    cd /Users/runner/work/NextJailbreak/NextJailbreak/NextSolutionLicenseAdmin
    /Applications/Xcode_16.4.app/Contents/Developer/Toolchains/XcodeDefault.xctoolchain/usr/bin/dsymutil /Users/runner/work/NextJailbreak/NextJailbreak/NextSolutionLicenseAdmin/build/Build/Products/Release-iphoneos/NextSolutionLicenseAdmin.app/NextSolutionLicenseAdmin -o /Users/runner/work/NextJailbreak/NextJailbreak/NextSolutionLicenseAdmin/build/Build/Products/Release-iphoneos/NextSolutionLicenseAdmin.app.dSYM

AppIntentsSSUTraining (in target 'NextSolutionLicenseAdmin' from project 'NextSolutionLicenseAdmin')
    cd /Users/runner/work/NextJailbreak/NextJailbreak/NextSolutionLicenseAdmin
    /Applications/Xcode_16.4.app/Contents/Developer/Toolchains/XcodeDefault.xctoolchain/usr/bin/appintentsnltrainingprocessor --infoplist-path /Users/runner/work/NextJailbreak/NextJailbreak/NextSolutionLicenseAdmin/build/Build/Products/Release-iphoneos/NextSolutionLicenseAdmin.app/Info.plist --temp-dir-path /Users/runner/work/NextJailbreak/NextJailbreak/NextSolutionLicenseAdmin/build/Build/Intermediates.noindex/NextSolutionLicenseAdmin.build/Release-iphoneos/NextSolutionLicenseAdmin.build/ssu --bundle-id com.nextsolution.licenseadmin --product-path /Users/runner/work/NextJailbreak/NextJailbreak/NextSolutionLicenseAdmin/build/Build/Products/Release-iphoneos/NextSolutionLicenseAdmin.app --extracted-metadata-path /Users/runner/work/NextJailbreak/NextJailbreak/NextSolutionLicenseAdmin/build/Build/Products/Release-iphoneos/NextSolutionLicenseAdmin.app/Metadata.appintents --metadata-file-list /Users/runner/work/NextJailbreak/NextJailbreak/NextSolutionLicenseAdmin/build/Build/Intermediates.noindex/NextSolutionLicenseAdmin.build/Release-iphoneos/NextSolutionLicenseAdmin.build/NextSolutionLicenseAdmin.DependencyMetadataFileList --archive-ssu-assets
2026-08-29 12:42:34.431 appintentsnltrainingprocessor[2452:10032] Parsing options for appintentsnltrainingprocessor
2026-08-29 12:42:34.431 appintentsnltrainingprocessor[2452:10032] No AppShortcuts found - Skipping.

RegisterExecutionPolicyException /Users/runner/work/NextJailbreak/NextJailbreak/NextSolutionLicenseAdmin/build/Build/Products/Release-iphoneos/NextSolutionLicenseAdmin.app (in target 'NextSolutionLicenseAdmin' from project 'NextSolutionLicenseAdmin')
    cd /Users/runner/work/NextJailbreak/NextJailbreak/NextSolutionLicenseAdmin
    builtin-RegisterExecutionPolicyException /Users/runner/work/NextJailbreak/NextJailbreak/NextSolutionLicenseAdmin/build/Build/Products/Release-iphoneos/NextSolutionLicenseAdmin.app

Validate /Users/runner/work/NextJailbreak/NextJailbreak/NextSolutionLicenseAdmin/build/Build/Products/Release-iphoneos/NextSolutionLicenseAdmin.app (in target 'NextSolutionLicenseAdmin' from project 'NextSolutionLicenseAdmin')
    cd /Users/runner/work/NextJailbreak/NextJailbreak/NextSolutionLicenseAdmin
    builtin-validationUtility /Users/runner/work/NextJailbreak/NextJailbreak/NextSolutionLicenseAdmin/build/Build/Products/Release-iphoneos/NextSolutionLicenseAdmin.app -infoplist-subpath Info.plist

Touch /Users/runner/work/NextJailbreak/NextJailbreak/NextSolutionLicenseAdmin/build/Build/Products/Release-iphoneos/NextSolutionLicenseAdmin.app (in target 'NextSolutionLicenseAdmin' from project 'NextSolutionLicenseAdmin')
    cd /Users/runner/work/NextJailbreak/NextJailbreak/NextSolutionLicenseAdmin
    /usr/bin/touch -c /Users/runner/work/NextJailbreak/NextJailbreak/NextSolutionLicenseAdmin/build/Build/Products/Release-iphoneos/NextSolutionLicenseAdmin.app

note: Disabling previews because SWIFT_VERSION is set and SWIFT_OPTIMIZATION_LEVEL=-O, expected -Onone (in target 'NextSolutionLicenseAdmin' from project 'NextSolutionLicenseAdmin')
** BUILD SUCCEEDED **

